=== QW-5 CORRECTIVE ADJUDICATION VERIFICATION V1 ===
READ_ONLY=true
QW5_FREEZE_MATERIALIZATION_INVOKED=false
ATTEMPT001_RETRY_PERFORMED=false
GIT_MUTATION_INVOKED=false
DOCKER_BUILD_INVOKED=false
SCIENTIFIC_EXECUTION_PERFORMED=false
TEST_DATASET_ACCESS=false
PUBLICATION_PERMITTED=false
SOURCE_REPOSITORY_IDENTITY_EXACT=true
ATTEMPT001_TERMINAL=true
ATTEMPT001_SUCCESS=false
ATTEMPT001_REINTERPRETED=false
ATTEMPT001_RETRY_PERFORMED=false
CORRECTIVE_VALIDATION_EVIDENCE_IDENTITY_EXACT=true
ADJUDICATION_PACKAGE_EXACT=true
AUTHORIZATION_RECORD_EXACT=true
INDEPENDENT_VERIFICATION_BINDING_EXACT=true
LIVE_CANDIDATE_IMAGE_IDENTITY_EXACT=true
CANDIDATE_IMAGE_DIGEST=sha256:800471114a6fec7d401fcbc3c781957265aaa351babaa5adf823d1521a95a8e3
ORIGINAL_QW5_DRIVER_REPLAY_AUTHORIZED=false
ORIGINAL_ATTEMPT_PACKAGE_MUTATION_AUTHORIZED=false
ORIGINAL_STATIC_VALIDATION_ARTIFACT_SYNTHESIS_AUTHORIZED=false
CANDIDATE_REBUILD_AUTHORIZED=false
CORRECTIVE_FREEZE_MATERIALIZATION_SEMANTICALLY_AUTHORIZED=true
CORRECTIVE_FREEZE_MATERIALIZATION_PERFORMED=false
QW5_FREEZE_MATERIALIZED=false
C1_COLLECTION_OPEN=false
C2_CALIBRATION_OPEN=false
C3_CONFIRMATORY_OPEN=false
REPLICATION_OPEN=false
SCIENTIFIC_EXECUTION_OPEN=false
TEST_DATASET_ACCESS=false
PUBLICATION_PERMITTED=false
=== QW-5 CORRECTIVE ADJUDICATION VERIFICATION V1 SUCCESS ===
FINAL_STATUS=0
NEXT=separately_authorize_corrective_freeze_materialization_without_mutating_attempt001
