#0 building with "default" instance using docker driver

#1 [internal] load build definition from Dockerfile.rocm
#1 transferring dockerfile: 1.75kB done
#1 DONE 0.0s

#2 [internal] load metadata for docker.io/rocm/pytorch@sha256:96a2fb24dec9896e2f8238178f0c49d0dcc4c7dcc597be09e4564316bd86d191
#2 DONE 1.1s

#3 [internal] load .dockerignore
#3 transferring context: 1.16kB done
#3 DONE 0.0s

#4 [ 1/10] FROM docker.io/rocm/pytorch@sha256:96a2fb24dec9896e2f8238178f0c49d0dcc4c7dcc597be09e4564316bd86d191
#4 resolve docker.io/rocm/pytorch@sha256:96a2fb24dec9896e2f8238178f0c49d0dcc4c7dcc597be09e4564316bd86d191 0.0s done
#4 CACHED

#5 [internal] load build context
#5 transferring context: 233.80kB 0.1s done
#5 DONE 0.1s

#6 [ 2/10] RUN apt-get update     && apt-get install -y --no-install-recommends        ca-certificates curl git jq make numactl pciutils procps tini     && rm -rf /var/lib/apt/lists/*
#6 0.525 Get:1 https://repo.radeon.com/amdgpu/30.30.1/ubuntu noble InRelease [3185 B]
#6 0.551 Get:2 https://repo.radeon.com/rocm/apt/7.2.1 noble InRelease [2605 B]
#6 0.589 Get:3 https://repo.radeon.com/graphics/7.2.1/ubuntu noble InRelease [3194 B]
#6 0.675 Get:4 http://security.ubuntu.com/ubuntu noble-security InRelease [126 kB]
#6 0.719 Get:5 http://archive.ubuntu.com/ubuntu noble InRelease [256 kB]
#6 1.127 Get:6 https://repo.radeon.com/amdgpu/30.30.1/ubuntu noble/main amd64 Packages [1333 B]
#6 1.409 Get:7 http://archive.ubuntu.com/ubuntu noble-updates InRelease [126 kB]
#6 1.421 Get:8 https://ppa.launchpadcontent.net/deadsnakes/ppa/ubuntu noble InRelease [17.8 kB]
#6 1.582 Get:9 http://archive.ubuntu.com/ubuntu noble-backports InRelease [126 kB]
#6 1.618 Get:10 https://repo.radeon.com/amdgpu/30.30.1/ubuntu noble/main i386 Packages [1333 B]
#6 1.654 Get:11 http://security.ubuntu.com/ubuntu noble-security/main amd64 Packages [1145 kB]
#6 1.756 Get:12 http://archive.ubuntu.com/ubuntu noble/main amd64 Packages [1808 kB]
#6 1.906 Get:13 https://ppa.launchpadcontent.net/deadsnakes/ppa/ubuntu noble/main amd64 Packages [45.7 kB]
#6 2.184 Get:14 http://archive.ubuntu.com/ubuntu noble/main amd64 Components [665 kB]
#6 2.208 Get:15 https://repo.radeon.com/rocm/apt/7.2.1 noble/main amd64 Packages [61.3 kB]
#6 2.523 Get:16 http://archive.ubuntu.com/ubuntu noble/universe amd64 Packages [19.3 MB]
#6 2.805 Get:17 https://repo.radeon.com/graphics/7.2.1/ubuntu noble/main amd64 Packages [10.3 kB]
#6 3.146 Get:18 http://security.ubuntu.com/ubuntu noble-security/main amd64 Components [59.3 kB]
#6 3.306 Get:19 https://repo.radeon.com/graphics/7.2.1/ubuntu noble/main i386 Packages [8845 B]
#6 3.372 Get:20 http://security.ubuntu.com/ubuntu noble-security/universe amd64 Packages [1522 kB]
#6 4.259 Get:21 http://security.ubuntu.com/ubuntu noble-security/universe amd64 Components [97.4 kB]
#6 4.752 Get:22 http://archive.ubuntu.com/ubuntu noble/universe amd64 Components [5943 kB]
#6 4.767 Get:23 http://security.ubuntu.com/ubuntu noble-security/restricted amd64 Packages [1643 kB]
#6 4.888 Get:24 http://security.ubuntu.com/ubuntu noble-security/restricted amd64 Components [157 B]
#6 4.889 Get:25 http://security.ubuntu.com/ubuntu noble-security/multiverse amd64 Packages [50.0 kB]
#6 4.889 Get:26 http://security.ubuntu.com/ubuntu noble-security/multiverse amd64 Components [158 B]
#6 5.284 Get:27 http://archive.ubuntu.com/ubuntu noble/restricted amd64 Packages [117 kB]
#6 5.284 Get:28 http://archive.ubuntu.com/ubuntu noble/multiverse amd64 Packages [331 kB]
#6 5.286 Get:29 http://archive.ubuntu.com/ubuntu noble/multiverse amd64 Components [41.9 kB]
#6 5.287 Get:30 http://archive.ubuntu.com/ubuntu noble-updates/main amd64 Packages [1470 kB]
#6 5.373 Get:31 http://archive.ubuntu.com/ubuntu noble-updates/main amd64 Components [243 kB]
#6 5.393 Get:32 http://archive.ubuntu.com/ubuntu noble-updates/universe amd64 Packages [2140 kB]
#6 5.585 Get:33 http://archive.ubuntu.com/ubuntu noble-updates/universe amd64 Components [536 kB]
#6 5.621 Get:34 http://archive.ubuntu.com/ubuntu noble-updates/restricted amd64 Packages [1756 kB]
#6 5.772 Get:35 http://archive.ubuntu.com/ubuntu noble-updates/restricted amd64 Components [159 B]
#6 5.772 Get:36 http://archive.ubuntu.com/ubuntu noble-updates/multiverse amd64 Packages [55.8 kB]
#6 5.777 Get:37 http://archive.ubuntu.com/ubuntu noble-updates/multiverse amd64 Components [887 B]
#6 5.777 Get:38 http://archive.ubuntu.com/ubuntu noble-backports/main amd64 Packages [48.9 kB]
#6 5.781 Get:39 http://archive.ubuntu.com/ubuntu noble-backports/main amd64 Components [6345 B]
#6 5.781 Get:40 http://archive.ubuntu.com/ubuntu noble-backports/universe amd64 Packages [35.9 kB]
#6 5.790 Get:41 http://archive.ubuntu.com/ubuntu noble-backports/universe amd64 Components [13.7 kB]
#6 5.790 Get:42 http://archive.ubuntu.com/ubuntu noble-backports/restricted amd64 Components [160 B]
#6 5.840 Get:43 http://archive.ubuntu.com/ubuntu noble-backports/multiverse amd64 Packages [671 B]
#6 6.000 Get:44 http://archive.ubuntu.com/ubuntu noble-backports/multiverse amd64 Components [161 B]
#6 7.345 Fetched 39.8 MB in 6s (6830 kB/s)
#6 7.345 Reading package lists...
#6 8.126 Reading package lists...
#6 8.910 Building dependency tree...
#6 9.027 Reading state information...
#6 9.236 git is already the newest version (1:2.43.0-1ubuntu7.3).
#6 9.236 make is already the newest version (4.3-4.1build2).
#6 9.236 make set to manually installed.
#6 9.236 pciutils is already the newest version (1:3.10.0-2build1).
#6 9.236 pciutils set to manually installed.
#6 9.236 procps is already the newest version (2:4.0.4-4ubuntu3.2).
#6 9.236 The following NEW packages will be installed:
#6 9.236   jq libjq1 libonig5 numactl tini
#6 9.237 The following packages will be upgraded:
#6 9.237   ca-certificates curl libcurl3t64-gnutls libcurl4t64
#6 9.789 4 upgraded, 5 newly installed, 0 to remove and 146 not upgraded.
#6 9.789 Need to get 1737 kB of archives.
#6 9.789 After this operation, 2056 kB of additional disk space will be used.
#6 9.789 Get:1 http://archive.ubuntu.com/ubuntu noble-updates/main amd64 ca-certificates all 20260601~24.04.1 [139 kB]
#6 11.02 Get:2 http://archive.ubuntu.com/ubuntu noble-updates/main amd64 numactl amd64 2.0.18-1ubuntu0.24.04.1 [39.1 kB]
#6 11.04 Get:3 http://archive.ubuntu.com/ubuntu noble-updates/main amd64 curl amd64 8.5.0-2ubuntu10.11 [226 kB]
#6 11.42 Get:4 http://archive.ubuntu.com/ubuntu noble-updates/main amd64 libcurl4t64 amd64 8.5.0-2ubuntu10.11 [342 kB]
#6 11.66 Get:5 http://archive.ubuntu.com/ubuntu noble/main amd64 libonig5 amd64 6.9.9-1build1 [172 kB]
#6 11.74 Get:6 http://archive.ubuntu.com/ubuntu noble-updates/main amd64 libjq1 amd64 1.7.1-3ubuntu0.24.04.2 [142 kB]
#6 11.78 Get:7 http://archive.ubuntu.com/ubuntu noble-updates/main amd64 jq amd64 1.7.1-3ubuntu0.24.04.2 [65.7 kB]
#6 11.80 Get:8 http://archive.ubuntu.com/ubuntu noble-updates/main amd64 libcurl3t64-gnutls amd64 8.5.0-2ubuntu10.11 [334 kB]
#6 11.89 Get:9 http://archive.ubuntu.com/ubuntu noble/universe amd64 tini amd64 0.19.0-1 [276 kB]
#6 12.14 debconf: delaying package configuration, since apt-utils is not installed
#6 12.17 Fetched 1737 kB in 3s (640 kB/s)
#6 12.20 (Reading database ... 
(Reading database ... 5%
(Reading database ... 10%
(Reading database ... 15%
(Reading database ... 20%
(Reading database ... 25%
(Reading database ... 30%
(Reading database ... 35%
(Reading database ... 40%
(Reading database ... 45%
(Reading database ... 50%
(Reading database ... 55%
(Reading database ... 60%
(Reading database ... 65%
(Reading database ... 70%
(Reading database ... 75%
(Reading database ... 80%
(Reading database ... 85%
(Reading database ... 90%
(Reading database ... 95%
(Reading database ... 100%
(Reading database ... 95170 files and directories currently installed.)
#6 12.25 Preparing to unpack .../0-ca-certificates_20260601~24.04.1_all.deb ...
#6 12.26 Unpacking ca-certificates (20260601~24.04.1) over (20240203) ...
#6 12.43 Selecting previously unselected package numactl.
#6 12.43 Preparing to unpack .../1-numactl_2.0.18-1ubuntu0.24.04.1_amd64.deb ...
#6 12.44 Unpacking numactl (2.0.18-1ubuntu0.24.04.1) ...
#6 12.47 Preparing to unpack .../2-curl_8.5.0-2ubuntu10.11_amd64.deb ...
#6 12.47 Unpacking curl (8.5.0-2ubuntu10.11) over (8.5.0-2ubuntu10.8) ...
#6 12.51 Preparing to unpack .../3-libcurl4t64_8.5.0-2ubuntu10.11_amd64.deb ...
#6 12.52 Unpacking libcurl4t64:amd64 (8.5.0-2ubuntu10.11) over (8.5.0-2ubuntu10.8) ...
#6 12.56 Selecting previously unselected package libonig5:amd64.
#6 12.56 Preparing to unpack .../4-libonig5_6.9.9-1build1_amd64.deb ...
#6 12.56 Unpacking libonig5:amd64 (6.9.9-1build1) ...
#6 12.59 Selecting previously unselected package libjq1:amd64.
#6 12.60 Preparing to unpack .../5-libjq1_1.7.1-3ubuntu0.24.04.2_amd64.deb ...
#6 12.60 Unpacking libjq1:amd64 (1.7.1-3ubuntu0.24.04.2) ...
#6 12.63 Selecting previously unselected package jq.
#6 12.63 Preparing to unpack .../6-jq_1.7.1-3ubuntu0.24.04.2_amd64.deb ...
#6 12.63 Unpacking jq (1.7.1-3ubuntu0.24.04.2) ...
#6 12.67 Preparing to unpack .../7-libcurl3t64-gnutls_8.5.0-2ubuntu10.11_amd64.deb ...
#6 12.67 Unpacking libcurl3t64-gnutls:amd64 (8.5.0-2ubuntu10.11) over (8.5.0-2ubuntu10.8) ...
#6 12.71 Selecting previously unselected package tini.
#6 12.71 Preparing to unpack .../8-tini_0.19.0-1_amd64.deb ...
#6 12.72 Unpacking tini (0.19.0-1) ...
#6 12.78 Setting up numactl (2.0.18-1ubuntu0.24.04.1) ...
#6 12.78 Setting up libcurl4t64:amd64 (8.5.0-2ubuntu10.11) ...
#6 12.79 Setting up libcurl3t64-gnutls:amd64 (8.5.0-2ubuntu10.11) ...
#6 12.79 Setting up ca-certificates (20260601~24.04.1) ...
#6 14.11 Updating certificates in /etc/ssl/certs...
#6 14.82 rehash: warning: skipping ca-certificates.crt,it does not contain exactly one certificate or CRL
#6 14.83 14 added, 39 removed; done.
#6 14.85 Setting up tini (0.19.0-1) ...
#6 14.86 Setting up curl (8.5.0-2ubuntu10.11) ...
#6 14.86 Setting up libonig5:amd64 (6.9.9-1build1) ...
#6 14.87 Setting up libjq1:amd64 (1.7.1-3ubuntu0.24.04.2) ...
#6 14.88 Setting up jq (1.7.1-3ubuntu0.24.04.2) ...
#6 14.88 Processing triggers for libc-bin (2.39-0ubuntu8.7) ...
#6 14.96 Processing triggers for ca-certificates (20260601~24.04.1) ...
#6 14.97 Updating certificates in /etc/ssl/certs...
#6 15.41 0 added, 0 removed; done.
#6 15.41 Running hooks in /etc/ca-certificates/update.d...
#6 15.41 done.
#6 DONE 15.5s

#7 [ 3/10] WORKDIR /workspace
#7 DONE 0.0s

#8 [ 4/10] COPY pyproject.toml README.md LICENSE /workspace/
#8 DONE 0.0s

#9 [ 5/10] COPY src /workspace/src
#9 DONE 0.1s

#10 [ 6/10] COPY requirements /workspace/requirements
#10 DONE 0.0s

#11 [ 7/10] RUN python -m pip install --no-cache-dir "pip==25.1.1"     && python -m pip install --no-cache-dir -r requirements/rocm.txt     && python -m pip check
#11 0.589 Collecting pip==25.1.1
#11 0.678   Downloading pip-25.1.1-py3-none-any.whl.metadata (3.6 kB)
#11 0.693 Downloading pip-25.1.1-py3-none-any.whl (1.8 MB)
#11 0.932    ━━━━━━━━━━━━━━━━━━━━━━━━━━━━━━━━━━━━━━━━ 1.8/1.8 MB 8.2 MB/s  0:00:00
#11 1.001 Installing collected packages: pip
#11 1.001   Attempting uninstall: pip
#11 1.003     Found existing installation: pip 26.0.1
#11 1.046     Uninstalling pip-26.0.1:
#11 1.271       Successfully uninstalled pip-26.0.1
#11 2.197 Successfully installed pip-25.1.1
#11 2.333 
#11 2.333 [notice] A new release of pip is available: 25.1.1 -> 26.2.1
#11 2.333 [notice] To update, run: pip install --upgrade pip
#11 2.722 Obtaining file:///workspace
#11 2.724   Installing build dependencies: started
#11 3.722   Installing build dependencies: finished with status 'done'
#11 3.723   Checking if build backend supports build_editable: started
#11 3.765   Checking if build backend supports build_editable: finished with status 'done'
#11 3.766   Getting requirements to build editable: started
#11 3.916   Getting requirements to build editable: finished with status 'done'
#11 3.917   Installing backend dependencies: started
#11 4.541   Installing backend dependencies: finished with status 'done'
#11 4.541   Preparing editable metadata (pyproject.toml): started
#11 4.709   Preparing editable metadata (pyproject.toml): finished with status 'done'
#11 4.793 Collecting nbclient<1,>=0.10 (from torch2pc-layerwise-thesis==0.1.0)
#11 4.855   Downloading nbclient-0.10.2-py3-none-any.whl.metadata (8.3 kB)
#11 4.882 Collecting nbformat<6,>=5.10 (from torch2pc-layerwise-thesis==0.1.0)
#11 4.896   Downloading nbformat-5.10.4-py3-none-any.whl.metadata (3.6 kB)
#11 5.182 Collecting numpy<3,>=2.1 (from torch2pc-layerwise-thesis==0.1.0)
#11 5.209   Downloading numpy-2.2.6-cp312-cp312-manylinux_2_17_x86_64.manylinux2014_x86_64.whl.metadata (62 kB)
#11 5.260 Collecting openpyxl<4,>=3.1 (from torch2pc-layerwise-thesis==0.1.0)
#11 5.274   Downloading openpyxl-3.1.5-py2.py3-none-any.whl.metadata (2.5 kB)
#11 5.428 Collecting pandas<3,>=2.2 (from torch2pc-layerwise-thesis==0.1.0)
#11 5.443   Downloading pandas-2.3.1-cp312-cp312-manylinux_2_17_x86_64.manylinux2014_x86_64.whl.metadata (91 kB)
#11 5.575 Collecting psutil<8,>=6 (from torch2pc-layerwise-thesis==0.1.0)
#11 5.587   Downloading psutil-7.0.0-cp36-abi3-manylinux_2_12_x86_64.manylinux2010_x86_64.manylinux_2_17_x86_64.manylinux2014_x86_64.whl.metadata (22 kB)
#11 5.594 Requirement already satisfied: pyyaml<7,>=6.0 in /opt/venv/lib/python3.12/site-packages (from torch2pc-layerwise-thesis==0.1.0) (6.0.3)
#11 5.706 Collecting scikit-learn<2,>=1.6 (from torch2pc-layerwise-thesis==0.1.0)
#11 5.718   Downloading scikit_learn-1.7.1-cp312-cp312-manylinux2014_x86_64.manylinux_2_17_x86_64.whl.metadata (11 kB)
#11 5.882 Collecting scipy<2,>=1.14 (from torch2pc-layerwise-thesis==0.1.0)
#11 5.896   Downloading scipy-1.16.0-cp312-cp312-manylinux2014_x86_64.manylinux_2_17_x86_64.whl.metadata (61 kB)
#11 5.954 Collecting ipykernel<7,>=6.29 (from torch2pc-layerwise-thesis==0.1.0)
#11 5.970   Downloading ipykernel-6.29.5-py3-none-any.whl.metadata (6.3 kB)
#11 6.088 Collecting jupyterlab<5,>=4.3 (from torch2pc-layerwise-thesis==0.1.0)
#11 6.100   Downloading jupyterlab-4.4.4-py3-none-any.whl.metadata (16 kB)
#11 6.282 Collecting matplotlib<4,>=3.9 (from torch2pc-layerwise-thesis==0.1.0)
#11 6.295   Downloading matplotlib-3.11.1-cp312-cp312-manylinux2014_x86_64.manylinux_2_17_x86_64.whl.metadata (80 kB)
#11 6.405 Collecting mkdocs-material<10,>=9.6 (from torch2pc-layerwise-thesis==0.1.0)
#11 6.548   Downloading mkdocs_material-9.6.15-py3-none-any.whl.metadata (19 kB)
#11 6.574 Collecting mkdocs<2,>=1.6 (from torch2pc-layerwise-thesis==0.1.0)
#11 6.586   Downloading mkdocs-1.6.1-py3-none-any.whl.metadata (6.0 kB)
#11 6.733 Collecting mypy<3,>=1.14 (from torch2pc-layerwise-thesis==0.1.0)
#11 6.748   Downloading mypy-2.3.0-cp312-cp312-manylinux2014_x86_64.manylinux_2_17_x86_64.manylinux_2_28_x86_64.whl.metadata (2.4 kB)
#11 6.772 Collecting pytest-cov<7,>=6 (from torch2pc-layerwise-thesis==0.1.0)
#11 6.784   Downloading pytest_cov-6.2.1-py3-none-any.whl.metadata (30 kB)
#11 6.834 Collecting pytest<9,>=8.3 (from torch2pc-layerwise-thesis==0.1.0)
#11 6.845   Downloading pytest-8.4.1-py3-none-any.whl.metadata (7.7 kB)
#11 7.303 Collecting ruff<1,>=0.9 (from torch2pc-layerwise-thesis==0.1.0)
#11 7.318   Downloading ruff-0.12.2-py3-none-manylinux_2_17_x86_64.manylinux2014_x86_64.whl.metadata (25 kB)
#11 7.348 Collecting types-pyyaml<7,>=6.0 (from torch2pc-layerwise-thesis==0.1.0)
#11 7.360   Downloading types_pyyaml-6.0.12.20260724-py3-none-any.whl.metadata (1.7 kB)
#11 7.378 Collecting comm>=0.1.1 (from ipykernel<7,>=6.29->torch2pc-layerwise-thesis==0.1.0)
#11 7.391   Downloading comm-0.2.3-py3-none-any.whl.metadata (3.7 kB)
#11 7.494 Collecting debugpy>=1.6.5 (from ipykernel<7,>=6.29->torch2pc-layerwise-thesis==0.1.0)
#11 7.505   Downloading debugpy-1.8.21-cp312-cp312-manylinux_2_34_x86_64.whl.metadata (1.4 kB)
#11 7.556 Collecting ipython>=7.23.1 (from ipykernel<7,>=6.29->torch2pc-layerwise-thesis==0.1.0)
#11 7.569   Downloading ipython-9.16.1-py3-none-any.whl.metadata (4.6 kB)
#11 7.606 Collecting jupyter-client>=6.1.12 (from ipykernel<7,>=6.29->torch2pc-layerwise-thesis==0.1.0)
#11 7.617   Downloading jupyter_client-8.9.1-py3-none-any.whl.metadata (8.5 kB)
#11 7.649 Collecting jupyter-core!=5.0.*,>=4.12 (from ipykernel<7,>=6.29->torch2pc-layerwise-thesis==0.1.0)
#11 7.661   Downloading jupyter_core-5.9.1-py3-none-any.whl.metadata (1.5 kB)
#11 7.678 Collecting matplotlib-inline>=0.1 (from ipykernel<7,>=6.29->torch2pc-layerwise-thesis==0.1.0)
#11 7.691   Downloading matplotlib_inline-0.2.2-py3-none-any.whl.metadata (2.4 kB)
#11 7.710 Collecting nest-asyncio (from ipykernel<7,>=6.29->torch2pc-layerwise-thesis==0.1.0)
#11 7.722   Downloading nest_asyncio-1.6.0-py3-none-any.whl.metadata (2.8 kB)
#11 7.724 Requirement already satisfied: packaging in /opt/venv/lib/python3.12/site-packages (from ipykernel<7,>=6.29->torch2pc-layerwise-thesis==0.1.0) (26.0)
#11 7.987 Collecting pyzmq>=24 (from ipykernel<7,>=6.29->torch2pc-layerwise-thesis==0.1.0)
#11 8.001   Downloading pyzmq-27.1.0-cp312-abi3-manylinux_2_26_x86_64.manylinux_2_28_x86_64.whl.metadata (6.0 kB)
#11 8.047 Collecting tornado>=6.1 (from ipykernel<7,>=6.29->torch2pc-layerwise-thesis==0.1.0)
#11 8.058   Downloading tornado-6.5.8-cp39-abi3-manylinux1_x86_64.manylinux_2_28_x86_64.manylinux_2_5_x86_64.whl.metadata (2.8 kB)
#11 8.111 Collecting traitlets>=5.4.0 (from ipykernel<7,>=6.29->torch2pc-layerwise-thesis==0.1.0)
#11 8.123   Downloading traitlets-5.16.1-py3-none-any.whl.metadata (10 kB)
#11 8.145 Collecting async-lru>=1.0.0 (from jupyterlab<5,>=4.3->torch2pc-layerwise-thesis==0.1.0)
#11 8.155   Downloading async_lru-2.3.0-py3-none-any.whl.metadata (7.6 kB)
#11 8.183 Collecting httpx>=0.25.0 (from jupyterlab<5,>=4.3->torch2pc-layerwise-thesis==0.1.0)
#11 8.197   Downloading httpx-0.28.1-py3-none-any.whl.metadata (7.1 kB)
#11 8.208 Requirement already satisfied: jinja2>=3.0.3 in /opt/venv/lib/python3.12/site-packages (from jupyterlab<5,>=4.3->torch2pc-layerwise-thesis==0.1.0) (3.1.6)
#11 8.225 Collecting jupyter-lsp>=2.0.0 (from jupyterlab<5,>=4.3->torch2pc-layerwise-thesis==0.1.0)
#11 8.238   Downloading jupyter_lsp-2.3.1-py3-none-any.whl.metadata (1.8 kB)
#11 8.278 Collecting jupyter-server<3,>=2.4.0 (from jupyterlab<5,>=4.3->torch2pc-layerwise-thesis==0.1.0)
#11 8.291   Downloading jupyter_server-2.20.0-py3-none-any.whl.metadata (8.5 kB)
#11 8.327 Collecting jupyterlab-server<3,>=2.27.1 (from jupyterlab<5,>=4.3->torch2pc-layerwise-thesis==0.1.0)
#11 8.341   Downloading jupyterlab_server-2.28.0-py3-none-any.whl.metadata (5.9 kB)
#11 8.361 Collecting notebook-shim>=0.2 (from jupyterlab<5,>=4.3->torch2pc-layerwise-thesis==0.1.0)
#11 8.373   Downloading notebook_shim-0.2.4-py3-none-any.whl.metadata (4.0 kB)
#11 8.376 Requirement already satisfied: setuptools>=41.1.0 in /opt/venv/lib/python3.12/site-packages (from jupyterlab<5,>=4.3->torch2pc-layerwise-thesis==0.1.0) (82.0.1)
#11 8.406 Collecting anyio>=3.1.0 (from jupyter-server<3,>=2.4.0->jupyterlab<5,>=4.3->torch2pc-layerwise-thesis==0.1.0)
#11 8.419   Downloading anyio-4.14.2-py3-none-any.whl.metadata (4.6 kB)
#11 8.448 Collecting argon2-cffi>=21.1 (from jupyter-server<3,>=2.4.0->jupyterlab<5,>=4.3->torch2pc-layerwise-thesis==0.1.0)
#11 8.460   Downloading argon2_cffi-25.1.0-py3-none-any.whl.metadata (4.1 kB)
#11 8.484 Collecting jupyter-events>=0.11.0 (from jupyter-server<3,>=2.4.0->jupyterlab<5,>=4.3->torch2pc-layerwise-thesis==0.1.0)
#11 8.495   Downloading jupyter_events-0.12.1-py3-none-any.whl.metadata (5.8 kB)
#11 8.513 Collecting jupyter-server-terminals>=0.4.4 (from jupyter-server<3,>=2.4.0->jupyterlab<5,>=4.3->torch2pc-layerwise-thesis==0.1.0)
#11 8.526   Downloading jupyter_server_terminals-0.5.4-py3-none-any.whl.metadata (5.9 kB)
#11 8.560 Collecting nbconvert>=6.4.4 (from jupyter-server<3,>=2.4.0->jupyterlab<5,>=4.3->torch2pc-layerwise-thesis==0.1.0)
#11 8.571   Downloading nbconvert-7.17.1-py3-none-any.whl.metadata (8.4 kB)
#11 8.599 Collecting prometheus-client>=0.9 (from jupyter-server<3,>=2.4.0->jupyterlab<5,>=4.3->torch2pc-layerwise-thesis==0.1.0)
#11 8.612   Downloading prometheus_client-0.26.0-py3-none-any.whl.metadata (2.1 kB)
#11 8.630 Collecting send2trash>=1.8.2 (from jupyter-server<3,>=2.4.0->jupyterlab<5,>=4.3->torch2pc-layerwise-thesis==0.1.0)
#11 8.643   Downloading send2trash-2.1.0-py3-none-any.whl.metadata (4.1 kB)
#11 8.662 Collecting terminado>=0.8.3 (from jupyter-server<3,>=2.4.0->jupyterlab<5,>=4.3->torch2pc-layerwise-thesis==0.1.0)
#11 8.674   Downloading terminado-0.18.1-py3-none-any.whl.metadata (5.8 kB)
#11 8.703 Collecting websocket-client>=1.7 (from jupyter-server<3,>=2.4.0->jupyterlab<5,>=4.3->torch2pc-layerwise-thesis==0.1.0)
#11 8.715   Downloading websocket_client-1.9.0-py3-none-any.whl.metadata (8.3 kB)
#11 8.736 Collecting babel>=2.10 (from jupyterlab-server<3,>=2.27.1->jupyterlab<5,>=4.3->torch2pc-layerwise-thesis==0.1.0)
#11 8.748   Downloading babel-2.18.0-py3-none-any.whl.metadata (2.2 kB)
#11 8.774 Collecting json5>=0.9.0 (from jupyterlab-server<3,>=2.27.1->jupyterlab<5,>=4.3->torch2pc-layerwise-thesis==0.1.0)
#11 8.786   Downloading json5-0.15.0-py3-none-any.whl.metadata (37 kB)
#11 8.825 Collecting jsonschema>=4.18.0 (from jupyterlab-server<3,>=2.27.1->jupyterlab<5,>=4.3->torch2pc-layerwise-thesis==0.1.0)
#11 8.837   Downloading jsonschema-4.26.0-py3-none-any.whl.metadata (7.6 kB)
#11 8.881 Collecting requests>=2.31 (from jupyterlab-server<3,>=2.27.1->jupyterlab<5,>=4.3->torch2pc-layerwise-thesis==0.1.0)
#11 8.892   Downloading requests-2.34.2-py3-none-any.whl.metadata (4.8 kB)
#11 8.896 Requirement already satisfied: contourpy>=1.0.1 in /opt/venv/lib/python3.12/site-packages (from matplotlib<4,>=3.9->torch2pc-layerwise-thesis==0.1.0) (1.3.3)
#11 8.896 Requirement already satisfied: cycler>=0.10 in /opt/venv/lib/python3.12/site-packages (from matplotlib<4,>=3.9->torch2pc-layerwise-thesis==0.1.0) (0.12.1)
#11 8.896 Requirement already satisfied: fonttools>=4.28.2 in /opt/venv/lib/python3.12/site-packages (from matplotlib<4,>=3.9->torch2pc-layerwise-thesis==0.1.0) (4.62.1)
#11 8.897 Requirement already satisfied: kiwisolver>=1.3.1 in /opt/venv/lib/python3.12/site-packages (from matplotlib<4,>=3.9->torch2pc-layerwise-thesis==0.1.0) (1.5.0)
#11 8.904 Requirement already satisfied: pillow>=9 in /opt/venv/lib/python3.12/site-packages (from matplotlib<4,>=3.9->torch2pc-layerwise-thesis==0.1.0) (12.1.1)
#11 8.904 Requirement already satisfied: pyparsing>=3 in /opt/venv/lib/python3.12/site-packages (from matplotlib<4,>=3.9->torch2pc-layerwise-thesis==0.1.0) (3.3.2)
#11 8.905 Requirement already satisfied: python-dateutil>=2.7 in /opt/venv/lib/python3.12/site-packages (from matplotlib<4,>=3.9->torch2pc-layerwise-thesis==0.1.0) (2.9.0.post0)
#11 8.928 Collecting click>=7.0 (from mkdocs<2,>=1.6->torch2pc-layerwise-thesis==0.1.0)
#11 8.939   Downloading click-8.4.2-py3-none-any.whl.metadata (2.6 kB)
#11 8.955 Collecting ghp-import>=1.0 (from mkdocs<2,>=1.6->torch2pc-layerwise-thesis==0.1.0)
#11 8.968   Downloading ghp_import-2.1.0-py3-none-any.whl.metadata (7.2 kB)
#11 8.994 Collecting markdown>=3.3.6 (from mkdocs<2,>=1.6->torch2pc-layerwise-thesis==0.1.0)
#11 9.006   Downloading markdown-3.10.3-py3-none-any.whl.metadata (5.1 kB)
#11 9.010 Requirement already satisfied: markupsafe>=2.0.1 in /opt/venv/lib/python3.12/site-packages (from mkdocs<2,>=1.6->torch2pc-layerwise-thesis==0.1.0) (3.0.3)
#11 9.024 Collecting mergedeep>=1.3.4 (from mkdocs<2,>=1.6->torch2pc-layerwise-thesis==0.1.0)
#11 9.036   Downloading mergedeep-1.3.4-py3-none-any.whl.metadata (4.3 kB)
#11 9.052 Collecting mkdocs-get-deps>=0.2.0 (from mkdocs<2,>=1.6->torch2pc-layerwise-thesis==0.1.0)
#11 9.064   Downloading mkdocs_get_deps-0.2.2-py3-none-any.whl.metadata (4.0 kB)
#11 9.087 Collecting pathspec>=0.11.1 (from mkdocs<2,>=1.6->torch2pc-layerwise-thesis==0.1.0)
#11 9.099   Downloading pathspec-1.1.1-py3-none-any.whl.metadata (14 kB)
#11 9.116 Collecting pyyaml-env-tag>=0.1 (from mkdocs<2,>=1.6->torch2pc-layerwise-thesis==0.1.0)
#11 9.127   Downloading pyyaml_env_tag-1.1-py3-none-any.whl.metadata (5.5 kB)
#11 9.187 Collecting watchdog>=2.0 (from mkdocs<2,>=1.6->torch2pc-layerwise-thesis==0.1.0)
#11 9.200   Downloading watchdog-6.0.0-py3-none-manylinux2014_x86_64.whl.metadata (44 kB)
#11 9.240 Collecting backrefs~=5.7.post1 (from mkdocs-material<10,>=9.6->torch2pc-layerwise-thesis==0.1.0)
#11 9.253   Downloading backrefs-5.9-py312-none-any.whl.metadata (3.2 kB)
#11 9.276 Collecting colorama~=0.4 (from mkdocs-material<10,>=9.6->torch2pc-layerwise-thesis==0.1.0)
#11 9.287   Downloading colorama-0.4.6-py2.py3-none-any.whl.metadata (17 kB)
#11 9.313 Collecting mkdocs-material-extensions~=1.3 (from mkdocs-material<10,>=9.6->torch2pc-layerwise-thesis==0.1.0)
#11 9.326   Downloading mkdocs_material_extensions-1.3.1-py3-none-any.whl.metadata (6.9 kB)
#11 9.347 Collecting paginate~=0.5 (from mkdocs-material<10,>=9.6->torch2pc-layerwise-thesis==0.1.0)
#11 9.360   Downloading paginate-0.5.7-py2.py3-none-any.whl.metadata (11 kB)
#11 9.363 Requirement already satisfied: pygments~=2.16 in /opt/venv/lib/python3.12/site-packages (from mkdocs-material<10,>=9.6->torch2pc-layerwise-thesis==0.1.0) (2.20.0)
#11 9.399 Collecting pymdown-extensions~=10.2 (from mkdocs-material<10,>=9.6->torch2pc-layerwise-thesis==0.1.0)
#11 9.411   Downloading pymdown_extensions-10.21.3-py3-none-any.whl.metadata (3.1 kB)
#11 9.430 Requirement already satisfied: typing_extensions>=4.6.0 in /opt/venv/lib/python3.12/site-packages (from mypy<3,>=1.14->torch2pc-layerwise-thesis==0.1.0) (4.15.0)
#11 9.444 Collecting mypy_extensions>=1.0.0 (from mypy<3,>=1.14->torch2pc-layerwise-thesis==0.1.0)
#11 9.455   Downloading mypy_extensions-1.1.0-py3-none-any.whl.metadata (1.1 kB)
#11 9.617 Collecting librt>=0.13.0 (from mypy<3,>=1.14->torch2pc-layerwise-thesis==0.1.0)
#11 9.632   Downloading librt-0.15.0-cp312-cp312-manylinux2014_x86_64.manylinux_2_17_x86_64.manylinux_2_28_x86_64.whl.metadata (1.3 kB)
#11 9.673 Collecting ast-serialize<1.0.0,>=0.6.0 (from mypy<3,>=1.14->torch2pc-layerwise-thesis==0.1.0)
#11 9.685   Downloading ast_serialize-0.8.0-cp39-abi3-manylinux_2_17_x86_64.manylinux2014_x86_64.whl.metadata (1.4 kB)
#11 9.717 Collecting fastjsonschema>=2.15 (from nbformat<6,>=5.10->torch2pc-layerwise-thesis==0.1.0)
#11 9.730   Downloading fastjsonschema-2.22.1-py3-none-any.whl.metadata (2.1 kB)
#11 9.762 Collecting et-xmlfile (from openpyxl<4,>=3.1->torch2pc-layerwise-thesis==0.1.0)
#11 9.774   Downloading et_xmlfile-2.0.0-py3-none-any.whl.metadata (2.7 kB)
#11 9.826 Collecting pytz>=2020.1 (from pandas<3,>=2.2->torch2pc-layerwise-thesis==0.1.0)
#11 9.837   Downloading pytz-2026.3.post1-py2.py3-none-any.whl.metadata (22 kB)
#11 9.858 Collecting tzdata>=2022.7 (from pandas<3,>=2.2->torch2pc-layerwise-thesis==0.1.0)
#11 9.870   Downloading tzdata-2026.3-py2.py3-none-any.whl.metadata (1.4 kB)
#11 9.887 Requirement already satisfied: iniconfig>=1 in /opt/venv/lib/python3.12/site-packages (from pytest<9,>=8.3->torch2pc-layerwise-thesis==0.1.0) (2.3.0)
#11 9.887 Requirement already satisfied: pluggy<2,>=1.5 in /opt/venv/lib/python3.12/site-packages (from pytest<9,>=8.3->torch2pc-layerwise-thesis==0.1.0) (1.6.0)
#11 10.44 Collecting coverage>=7.5 (from coverage[toml]>=7.5->pytest-cov<7,>=6->torch2pc-layerwise-thesis==0.1.0)
#11 10.46   Downloading coverage-7.15.4-cp312-cp312-manylinux1_x86_64.manylinux_2_28_x86_64.manylinux_2_5_x86_64.whl.metadata (8.6 kB)
#11 10.60 Collecting charset_normalizer<4,>=2 (from requests>=2.31->jupyterlab-server<3,>=2.27.1->jupyterlab<5,>=4.3->torch2pc-layerwise-thesis==0.1.0)
#11 10.61   Downloading charset_normalizer-3.4.9-cp312-cp312-manylinux2014_x86_64.manylinux_2_17_x86_64.manylinux_2_28_x86_64.whl.metadata (41 kB)
#11 10.63 Collecting idna<4,>=2.5 (from requests>=2.31->jupyterlab-server<3,>=2.27.1->jupyterlab<5,>=4.3->torch2pc-layerwise-thesis==0.1.0)
#11 10.65   Downloading idna-3.18-py3-none-any.whl.metadata (6.1 kB)
#11 10.68 Collecting urllib3<3,>=1.26 (from requests>=2.31->jupyterlab-server<3,>=2.27.1->jupyterlab<5,>=4.3->torch2pc-layerwise-thesis==0.1.0)
#11 10.69   Downloading urllib3-2.7.0-py3-none-any.whl.metadata (6.9 kB)
#11 10.72 Collecting certifi>=2023.5.7 (from requests>=2.31->jupyterlab-server<3,>=2.27.1->jupyterlab<5,>=4.3->torch2pc-layerwise-thesis==0.1.0)
#11 10.73   Downloading certifi-2026.7.22-py3-none-any.whl.metadata (2.5 kB)
#11 10.77 Collecting joblib>=1.2.0 (from scikit-learn<2,>=1.6->torch2pc-layerwise-thesis==0.1.0)
#11 10.78   Downloading joblib-1.5.3-py3-none-any.whl.metadata (5.5 kB)
#11 10.80 Collecting threadpoolctl>=3.1.0 (from scikit-learn<2,>=1.6->torch2pc-layerwise-thesis==0.1.0)
#11 10.81   Downloading threadpoolctl-3.6.0-py3-none-any.whl.metadata (13 kB)
#11 10.85 Collecting argon2-cffi-bindings (from argon2-cffi>=21.1->jupyter-server<3,>=2.4.0->jupyterlab<5,>=4.3->torch2pc-layerwise-thesis==0.1.0)
#11 10.86   Downloading argon2_cffi_bindings-25.1.0-cp39-abi3-manylinux_2_26_x86_64.manylinux_2_28_x86_64.whl.metadata (7.4 kB)
#11 10.91 Collecting httpcore==1.* (from httpx>=0.25.0->jupyterlab<5,>=4.3->torch2pc-layerwise-thesis==0.1.0)
#11 10.93   Downloading httpcore-1.0.9-py3-none-any.whl.metadata (21 kB)
#11 10.95 Collecting h11>=0.16 (from httpcore==1.*->httpx>=0.25.0->jupyterlab<5,>=4.3->torch2pc-layerwise-thesis==0.1.0)
#11 10.96   Downloading h11-0.16.0-py3-none-any.whl.metadata (8.3 kB)
#11 10.98 Collecting ipython-pygments-lexers>=1.0.0 (from ipython>=7.23.1->ipykernel<7,>=6.29->torch2pc-layerwise-thesis==0.1.0)
#11 10.99   Downloading ipython_pygments_lexers-1.1.1-py3-none-any.whl.metadata (1.1 kB)
#11 11.01 Collecting jedi>=0.18.2 (from ipython>=7.23.1->ipykernel<7,>=6.29->torch2pc-layerwise-thesis==0.1.0)
#11 11.02   Downloading jedi-0.20.0-py2.py3-none-any.whl.metadata (23 kB)
#11 11.05 Collecting pexpect>4.6 (from ipython>=7.23.1->ipykernel<7,>=6.29->torch2pc-layerwise-thesis==0.1.0)
#11 11.06   Downloading pexpect-4.9.0-py2.py3-none-any.whl.metadata (2.5 kB)
#11 11.10 Collecting prompt_toolkit<3.1.0,>=3.0.41 (from ipython>=7.23.1->ipykernel<7,>=6.29->torch2pc-layerwise-thesis==0.1.0)
#11 11.11   Downloading prompt_toolkit-3.0.53-py3-none-any.whl.metadata (6.4 kB)
#11 11.13 Collecting stack_data>=0.6.0 (from ipython>=7.23.1->ipykernel<7,>=6.29->torch2pc-layerwise-thesis==0.1.0)
#11 11.14   Downloading stack_data-0.6.3-py3-none-any.whl.metadata (18 kB)
#11 11.17 Collecting wcwidth>=0.1.4 (from prompt_toolkit<3.1.0,>=3.0.41->ipython>=7.23.1->ipykernel<7,>=6.29->torch2pc-layerwise-thesis==0.1.0)
#11 11.18   Downloading wcwidth-0.8.2-py3-none-any.whl.metadata (43 kB)
#11 11.21 Collecting parso<0.9.0,>=0.8.6 (from jedi>=0.18.2->ipython>=7.23.1->ipykernel<7,>=6.29->torch2pc-layerwise-thesis==0.1.0)
#11 11.23   Downloading parso-0.8.7-py2.py3-none-any.whl.metadata (8.2 kB)
#11 11.26 Collecting attrs>=22.2.0 (from jsonschema>=4.18.0->jupyterlab-server<3,>=2.27.1->jupyterlab<5,>=4.3->torch2pc-layerwise-thesis==0.1.0)
#11 11.27   Downloading attrs-26.1.0-py3-none-any.whl.metadata (8.8 kB)
#11 11.29 Collecting jsonschema-specifications>=2023.03.6 (from jsonschema>=4.18.0->jupyterlab-server<3,>=2.27.1->jupyterlab<5,>=4.3->torch2pc-layerwise-thesis==0.1.0)
#11 11.30   Downloading jsonschema_specifications-2025.9.1-py3-none-any.whl.metadata (2.9 kB)
#11 11.33 Collecting referencing>=0.28.4 (from jsonschema>=4.18.0->jupyterlab-server<3,>=2.27.1->jupyterlab<5,>=4.3->torch2pc-layerwise-thesis==0.1.0)
#11 11.35   Downloading referencing-0.37.0-py3-none-any.whl.metadata (2.8 kB)
#11 11.73 Collecting rpds-py>=0.25.0 (from jsonschema>=4.18.0->jupyterlab-server<3,>=2.27.1->jupyterlab<5,>=4.3->torch2pc-layerwise-thesis==0.1.0)
#11 11.74   Downloading rpds_py-2026.6.3-cp312-cp312-manylinux_2_17_x86_64.manylinux2014_x86_64.whl.metadata (4.1 kB)
#11 11.81 Collecting platformdirs>=2.5 (from jupyter-core!=5.0.*,>=4.12->ipykernel<7,>=6.29->torch2pc-layerwise-thesis==0.1.0)
#11 11.82   Downloading platformdirs-4.11.0-py3-none-any.whl.metadata (5.5 kB)
#11 11.85 Collecting python-json-logger>=2.0.4 (from jupyter-events>=0.11.0->jupyter-server<3,>=2.4.0->jupyterlab<5,>=4.3->torch2pc-layerwise-thesis==0.1.0)
#11 11.86   Downloading python_json_logger-4.1.0-py3-none-any.whl.metadata (3.7 kB)
#11 11.88 Collecting rfc3339-validator (from jupyter-events>=0.11.0->jupyter-server<3,>=2.4.0->jupyterlab<5,>=4.3->torch2pc-layerwise-thesis==0.1.0)
#11 11.89   Downloading rfc3339_validator-0.1.4-py2.py3-none-any.whl.metadata (1.5 kB)
#11 11.90 Collecting rfc3986-validator>=0.1.1 (from jupyter-events>=0.11.0->jupyter-server<3,>=2.4.0->jupyterlab<5,>=4.3->torch2pc-layerwise-thesis==0.1.0)
#11 11.91   Downloading rfc3986_validator-0.1.1-py2.py3-none-any.whl.metadata (1.7 kB)
#11 11.93 Collecting fqdn (from jsonschema[format-nongpl]>=4.18.0->jupyter-events>=0.11.0->jupyter-server<3,>=2.4.0->jupyterlab<5,>=4.3->torch2pc-layerwise-thesis==0.1.0)
#11 11.94   Downloading fqdn-1.5.1-py3-none-any.whl.metadata (1.4 kB)
#11 11.96 Collecting isoduration (from jsonschema[format-nongpl]>=4.18.0->jupyter-events>=0.11.0->jupyter-server<3,>=2.4.0->jupyterlab<5,>=4.3->torch2pc-layerwise-thesis==0.1.0)
#11 11.97   Downloading isoduration-20.11.0-py3-none-any.whl.metadata (5.7 kB)
#11 11.99 Collecting jsonpointer>1.13 (from jsonschema[format-nongpl]>=4.18.0->jupyter-events>=0.11.0->jupyter-server<3,>=2.4.0->jupyterlab<5,>=4.3->torch2pc-layerwise-thesis==0.1.0)
#11 12.00   Downloading jsonpointer-3.1.1-py3-none-any.whl.metadata (2.4 kB)
#11 12.02 Collecting rfc3987-syntax>=1.1.0 (from jsonschema[format-nongpl]>=4.18.0->jupyter-events>=0.11.0->jupyter-server<3,>=2.4.0->jupyterlab<5,>=4.3->torch2pc-layerwise-thesis==0.1.0)
#11 12.03   Downloading rfc3987_syntax-1.1.0-py3-none-any.whl.metadata (7.7 kB)
#11 12.04 Collecting uri-template (from jsonschema[format-nongpl]>=4.18.0->jupyter-events>=0.11.0->jupyter-server<3,>=2.4.0->jupyterlab<5,>=4.3->torch2pc-layerwise-thesis==0.1.0)
#11 12.05   Downloading uri_template-1.3.0-py3-none-any.whl.metadata (8.8 kB)
#11 12.07 Collecting webcolors>=24.6.0 (from jsonschema[format-nongpl]>=4.18.0->jupyter-events>=0.11.0->jupyter-server<3,>=2.4.0->jupyterlab<5,>=4.3->torch2pc-layerwise-thesis==0.1.0)
#11 12.09   Downloading webcolors-25.10.0-py3-none-any.whl.metadata (2.2 kB)
#11 12.15 Collecting beautifulsoup4 (from nbconvert>=6.4.4->jupyter-server<3,>=2.4.0->jupyterlab<5,>=4.3->torch2pc-layerwise-thesis==0.1.0)
#11 12.17   Downloading beautifulsoup4-4.15.0-py3-none-any.whl.metadata (3.8 kB)
#11 12.19 Collecting bleach!=5.0.0 (from bleach[css]!=5.0.0->nbconvert>=6.4.4->jupyter-server<3,>=2.4.0->jupyterlab<5,>=4.3->torch2pc-layerwise-thesis==0.1.0)
#11 12.20   Downloading bleach-6.4.0-py3-none-any.whl.metadata (32 kB)
#11 12.22 Collecting defusedxml (from nbconvert>=6.4.4->jupyter-server<3,>=2.4.0->jupyterlab<5,>=4.3->torch2pc-layerwise-thesis==0.1.0)
#11 12.23   Downloading defusedxml-0.7.1-py2.py3-none-any.whl.metadata (32 kB)
#11 12.26 Collecting jupyterlab-pygments (from nbconvert>=6.4.4->jupyter-server<3,>=2.4.0->jupyterlab<5,>=4.3->torch2pc-layerwise-thesis==0.1.0)
#11 12.28   Downloading jupyterlab_pygments-0.3.0-py3-none-any.whl.metadata (4.4 kB)
#11 12.30 Collecting mistune<4,>=2.0.3 (from nbconvert>=6.4.4->jupyter-server<3,>=2.4.0->jupyterlab<5,>=4.3->torch2pc-layerwise-thesis==0.1.0)
#11 12.31   Downloading mistune-3.3.4-py3-none-any.whl.metadata (1.9 kB)
#11 12.33 Collecting pandocfilters>=1.4.1 (from nbconvert>=6.4.4->jupyter-server<3,>=2.4.0->jupyterlab<5,>=4.3->torch2pc-layerwise-thesis==0.1.0)
#11 12.34   Downloading pandocfilters-1.5.1-py2.py3-none-any.whl.metadata (9.0 kB)
#11 12.37 Collecting webencodings (from bleach!=5.0.0->bleach[css]!=5.0.0->nbconvert>=6.4.4->jupyter-server<3,>=2.4.0->jupyterlab<5,>=4.3->torch2pc-layerwise-thesis==0.1.0)
#11 12.38   Downloading webencodings-0.5.1-py2.py3-none-any.whl.metadata (2.1 kB)
#11 12.40 Collecting tinycss2>=1.1.0 (from bleach[css]!=5.0.0->nbconvert>=6.4.4->jupyter-server<3,>=2.4.0->jupyterlab<5,>=4.3->torch2pc-layerwise-thesis==0.1.0)
#11 12.41   Downloading tinycss2-1.5.1-py3-none-any.whl.metadata (3.0 kB)
#11 12.45 Collecting ptyprocess>=0.5 (from pexpect>4.6->ipython>=7.23.1->ipykernel<7,>=6.29->torch2pc-layerwise-thesis==0.1.0)
#11 12.46   Downloading ptyprocess-0.7.0-py2.py3-none-any.whl.metadata (1.3 kB)
#11 12.48 Requirement already satisfied: six>=1.5 in /opt/venv/lib/python3.12/site-packages (from python-dateutil>=2.7->matplotlib<4,>=3.9->torch2pc-layerwise-thesis==0.1.0) (1.17.0)
#11 12.51 Collecting lark>=1.2.2 (from rfc3987-syntax>=1.1.0->jsonschema[format-nongpl]>=4.18.0->jupyter-events>=0.11.0->jupyter-server<3,>=2.4.0->jupyterlab<5,>=4.3->torch2pc-layerwise-thesis==0.1.0)
#11 12.53   Downloading lark-1.3.1-py3-none-any.whl.metadata (1.8 kB)
#11 12.56 Collecting executing>=1.2.0 (from stack_data>=0.6.0->ipython>=7.23.1->ipykernel<7,>=6.29->torch2pc-layerwise-thesis==0.1.0)
#11 12.58   Downloading executing-2.2.1-py2.py3-none-any.whl.metadata (8.9 kB)
#11 12.60 Collecting asttokens>=2.1.0 (from stack_data>=0.6.0->ipython>=7.23.1->ipykernel<7,>=6.29->torch2pc-layerwise-thesis==0.1.0)
#11 12.61   Downloading asttokens-3.0.2-py3-none-any.whl.metadata (5.7 kB)
#11 12.63 Collecting pure-eval (from stack_data>=0.6.0->ipython>=7.23.1->ipykernel<7,>=6.29->torch2pc-layerwise-thesis==0.1.0)
#11 12.64   Downloading pure_eval-0.2.3-py3-none-any.whl.metadata (6.3 kB)
#11 12.83 Collecting cffi>=1.0.1 (from argon2-cffi-bindings->argon2-cffi>=21.1->jupyter-server<3,>=2.4.0->jupyterlab<5,>=4.3->torch2pc-layerwise-thesis==0.1.0)
#11 12.84   Downloading cffi-2.1.1-cp312-cp312-manylinux2014_x86_64.manylinux_2_17_x86_64.whl.metadata (2.5 kB)
#11 12.86 Collecting pycparser (from cffi>=1.0.1->argon2-cffi-bindings->argon2-cffi>=21.1->jupyter-server<3,>=2.4.0->jupyterlab<5,>=4.3->torch2pc-layerwise-thesis==0.1.0)
#11 12.87   Downloading pycparser-3.0-py3-none-any.whl.metadata (8.2 kB)
#11 12.90 Collecting soupsieve>=1.6.1 (from beautifulsoup4->nbconvert>=6.4.4->jupyter-server<3,>=2.4.0->jupyterlab<5,>=4.3->torch2pc-layerwise-thesis==0.1.0)
#11 12.92   Downloading soupsieve-2.9.2-py3-none-any.whl.metadata (4.6 kB)
#11 12.96 Collecting arrow>=0.15.0 (from isoduration->jsonschema[format-nongpl]>=4.18.0->jupyter-events>=0.11.0->jupyter-server<3,>=2.4.0->jupyterlab<5,>=4.3->torch2pc-layerwise-thesis==0.1.0)
#11 12.97   Downloading arrow-1.4.0-py3-none-any.whl.metadata (7.7 kB)
#11 13.02 Downloading ipykernel-6.29.5-py3-none-any.whl (117 kB)
#11 13.31 Downloading jupyterlab-4.4.4-py3-none-any.whl (12.3 MB)
#11 15.17    ━━━━━━━━━━━━━━━━━━━━━━━━━━━━━━━━━━━━━━━━ 12.3/12.3 MB 6.6 MB/s eta 0:00:00
#11 15.18 Downloading jupyter_server-2.20.0-py3-none-any.whl (393 kB)
#11 15.24 Downloading jupyterlab_server-2.28.0-py3-none-any.whl (59 kB)
#11 15.26 Downloading matplotlib-3.11.1-cp312-cp312-manylinux2014_x86_64.manylinux_2_17_x86_64.whl (10.0 MB)
#11 16.45    ━━━━━━━━━━━━━━━━━━━━━━━━━━━━━━━━━━━━━━━━ 10.0/10.0 MB 8.4 MB/s eta 0:00:00
#11 16.47 Downloading mkdocs-1.6.1-py3-none-any.whl (3.9 MB)
#11 16.89    ━━━━━━━━━━━━━━━━━━━━━━━━━━━━━━━━━━━━━━━━ 3.9/3.9 MB 9.1 MB/s eta 0:00:00
#11 17.01 Downloading mkdocs_material-9.6.15-py3-none-any.whl (8.7 MB)
#11 19.73    ━━━━━━━━━━━━━━━━━━━━━━━━━━━━━━━━━━━━━━━━ 8.7/8.7 MB 3.1 MB/s eta 0:00:00
#11 19.75 Downloading babel-2.18.0-py3-none-any.whl (10.2 MB)
#11 20.95    ━━━━━━━━━━━━━━━━━━━━━━━━━━━━━━━━━━━━━━━━ 10.2/10.2 MB 8.4 MB/s eta 0:00:00
#11 20.97 Downloading backrefs-5.9-py312-none-any.whl (397 kB)
#11 21.02 Downloading colorama-0.4.6-py2.py3-none-any.whl (25 kB)
#11 21.04 Downloading markdown-3.10.3-py3-none-any.whl (110 kB)
#11 21.06 Downloading mkdocs_material_extensions-1.3.1-py3-none-any.whl (8.7 kB)
#11 21.07 Downloading mypy-2.3.0-cp312-cp312-manylinux2014_x86_64.manylinux_2_17_x86_64.manylinux_2_28_x86_64.whl (15.3 MB)
#11 22.73    ━━━━━━━━━━━━━━━━━━━━━━━━━━━━━━━━━━━━━━━━ 15.3/15.3 MB 9.2 MB/s eta 0:00:00
#11 22.74 Downloading ast_serialize-0.8.0-cp39-abi3-manylinux_2_17_x86_64.manylinux2014_x86_64.whl (1.3 MB)
#11 22.87    ━━━━━━━━━━━━━━━━━━━━━━━━━━━━━━━━━━━━━━━━ 1.3/1.3 MB 10.1 MB/s eta 0:00:00
#11 22.88 Downloading nbclient-0.10.2-py3-none-any.whl (25 kB)
#11 22.89 Downloading nbformat-5.10.4-py3-none-any.whl (78 kB)
#11 22.92 Downloading numpy-2.2.6-cp312-cp312-manylinux_2_17_x86_64.manylinux2014_x86_64.whl (16.5 MB)
#11 24.81    ━━━━━━━━━━━━━━━━━━━━━━━━━━━━━━━━━━━━━━━━ 16.5/16.5 MB 8.7 MB/s eta 0:00:00
#11 24.82 Downloading openpyxl-3.1.5-py2.py3-none-any.whl (250 kB)
#11 24.86 Downloading paginate-0.5.7-py2.py3-none-any.whl (13 kB)
#11 24.87 Downloading pandas-2.3.1-cp312-cp312-manylinux_2_17_x86_64.manylinux2014_x86_64.whl (12.0 MB)
#11 26.20    ━━━━━━━━━━━━━━━━━━━━━━━━━━━━━━━━━━━━━━━━ 12.0/12.0 MB 9.0 MB/s eta 0:00:00
#11 26.21 Downloading psutil-7.0.0-cp36-abi3-manylinux_2_12_x86_64.manylinux2010_x86_64.manylinux_2_17_x86_64.manylinux2014_x86_64.whl (277 kB)
#11 26.25 Downloading pymdown_extensions-10.21.3-py3-none-any.whl (269 kB)
#11 26.29 Downloading pytest-8.4.1-py3-none-any.whl (365 kB)
#11 26.34 Downloading pytest_cov-6.2.1-py3-none-any.whl (24 kB)
#11 26.35 Downloading requests-2.34.2-py3-none-any.whl (73 kB)
#11 26.37 Downloading charset_normalizer-3.4.9-cp312-cp312-manylinux2014_x86_64.manylinux_2_17_x86_64.manylinux_2_28_x86_64.whl (224 kB)
#11 26.41 Downloading idna-3.18-py3-none-any.whl (65 kB)
#11 26.43 Downloading ruff-0.12.2-py3-none-manylinux_2_17_x86_64.manylinux2014_x86_64.whl (11.6 MB)
#11 27.70    ━━━━━━━━━━━━━━━━━━━━━━━━━━━━━━━━━━━━━━━━ 11.6/11.6 MB 9.1 MB/s eta 0:00:00
#11 27.71 Downloading scikit_learn-1.7.1-cp312-cp312-manylinux2014_x86_64.manylinux_2_17_x86_64.whl (9.5 MB)
#11 28.76    ━━━━━━━━━━━━━━━━━━━━━━━━━━━━━━━━━━━━━━━━ 9.5/9.5 MB 9.1 MB/s eta 0:00:00
#11 28.78 Downloading scipy-1.16.0-cp312-cp312-manylinux2014_x86_64.manylinux_2_17_x86_64.whl (35.1 MB)
#11 33.94    ━━━━━━━━━━━━━━━━━━━━━━━━━━━━━━━━━━━━━━━━ 35.1/35.1 MB 6.8 MB/s eta 0:00:00
#11 33.95 Downloading types_pyyaml-6.0.12.20260724-py3-none-any.whl (20 kB)
#11 33.96 Downloading urllib3-2.7.0-py3-none-any.whl (131 kB)
#11 33.98 Downloading anyio-4.14.2-py3-none-any.whl (125 kB)
#11 34.01 Downloading argon2_cffi-25.1.0-py3-none-any.whl (14 kB)
#11 34.02 Downloading async_lru-2.3.0-py3-none-any.whl (8.4 kB)
#11 34.03 Downloading certifi-2026.7.22-py3-none-any.whl (136 kB)
#11 34.06 Downloading click-8.4.2-py3-none-any.whl (119 kB)
#11 34.08 Downloading comm-0.2.3-py3-none-any.whl (7.3 kB)
#11 34.09 Downloading coverage-7.15.4-cp312-cp312-manylinux1_x86_64.manylinux_2_28_x86_64.manylinux_2_5_x86_64.whl (257 kB)
#11 34.13 Downloading debugpy-1.8.21-cp312-cp312-manylinux_2_34_x86_64.whl (4.0 MB)
#11 34.59    ━━━━━━━━━━━━━━━━━━━━━━━━━━━━━━━━━━━━━━━━ 4.0/4.0 MB 8.6 MB/s eta 0:00:00
#11 34.60 Downloading fastjsonschema-2.22.1-py3-none-any.whl (26 kB)
#11 34.62 Downloading ghp_import-2.1.0-py3-none-any.whl (11 kB)
#11 34.63 Downloading httpx-0.28.1-py3-none-any.whl (73 kB)
#11 34.65 Downloading httpcore-1.0.9-py3-none-any.whl (78 kB)
#11 34.67 Downloading h11-0.16.0-py3-none-any.whl (37 kB)
#11 34.69 Downloading ipython-9.16.1-py3-none-any.whl (625 kB)
#11 34.76    ━━━━━━━━━━━━━━━━━━━━━━━━━━━━━━━━━━━━━━━━ 626.0/626.0 kB 8.8 MB/s eta 0:00:00
#11 34.77 Downloading prompt_toolkit-3.0.53-py3-none-any.whl (392 kB)
#11 34.84 Downloading ipython_pygments_lexers-1.1.1-py3-none-any.whl (8.1 kB)
#11 34.85 Downloading jedi-0.20.0-py2.py3-none-any.whl (4.9 MB)
#11 35.44    ━━━━━━━━━━━━━━━━━━━━━━━━━━━━━━━━━━━━━━━━ 4.9/4.9 MB 8.3 MB/s eta 0:00:00
#11 35.45 Downloading parso-0.8.7-py2.py3-none-any.whl (107 kB)
#11 35.47 Downloading joblib-1.5.3-py3-none-any.whl (309 kB)
#11 35.51 Downloading json5-0.15.0-py3-none-any.whl (36 kB)
#11 35.52 Downloading jsonschema-4.26.0-py3-none-any.whl (90 kB)
#11 35.54 Downloading attrs-26.1.0-py3-none-any.whl (67 kB)
#11 35.56 Downloading jsonschema_specifications-2025.9.1-py3-none-any.whl (18 kB)
#11 35.57 Downloading jupyter_client-8.9.1-py3-none-any.whl (109 kB)
#11 35.60 Downloading jupyter_core-5.9.1-py3-none-any.whl (29 kB)
#11 35.61 Downloading jupyter_events-0.12.1-py3-none-any.whl (19 kB)
#11 35.62 Downloading jsonpointer-3.1.1-py3-none-any.whl (7.7 kB)
#11 35.63 Downloading jupyter_lsp-2.3.1-py3-none-any.whl (77 kB)
#11 35.65 Downloading jupyter_server_terminals-0.5.4-py3-none-any.whl (13 kB)
#11 35.67 Downloading librt-0.15.0-cp312-cp312-manylinux2014_x86_64.manylinux_2_17_x86_64.manylinux_2_28_x86_64.whl (531 kB)
#11 35.73    ━━━━━━━━━━━━━━━━━━━━━━━━━━━━━━━━━━━━━━━━ 531.9/531.9 kB 10.0 MB/s eta 0:00:00
#11 35.74 Downloading matplotlib_inline-0.2.2-py3-none-any.whl (9.5 kB)
#11 35.75 Downloading mergedeep-1.3.4-py3-none-any.whl (6.4 kB)
#11 35.76 Downloading mkdocs_get_deps-0.2.2-py3-none-any.whl (9.6 kB)
#11 35.78 Downloading mypy_extensions-1.1.0-py3-none-any.whl (5.0 kB)
#11 35.79 Downloading nbconvert-7.17.1-py3-none-any.whl (261 kB)
#11 35.83 Downloading mistune-3.3.4-py3-none-any.whl (66 kB)
#11 35.85 Downloading bleach-6.4.0-py3-none-any.whl (165 kB)
#11 35.88 Downloading notebook_shim-0.2.4-py3-none-any.whl (13 kB)
#11 35.89 Downloading pandocfilters-1.5.1-py2.py3-none-any.whl (8.7 kB)
#11 35.90 Downloading pathspec-1.1.1-py3-none-any.whl (57 kB)
#11 35.92 Downloading pexpect-4.9.0-py2.py3-none-any.whl (63 kB)
#11 35.94 Downloading platformdirs-4.11.0-py3-none-any.whl (23 kB)
#11 35.95 Downloading prometheus_client-0.26.0-py3-none-any.whl (64 kB)
#11 35.97 Downloading ptyprocess-0.7.0-py2.py3-none-any.whl (13 kB)
#11 35.98 Downloading python_json_logger-4.1.0-py3-none-any.whl (15 kB)
#11 35.99 Downloading pytz-2026.3.post1-py2.py3-none-any.whl (508 kB)
#11 36.06 Downloading pyyaml_env_tag-1.1-py3-none-any.whl (4.7 kB)
#11 36.08 Downloading pyzmq-27.1.0-cp312-abi3-manylinux_2_26_x86_64.manylinux_2_28_x86_64.whl (840 kB)
#11 36.18    ━━━━━━━━━━━━━━━━━━━━━━━━━━━━━━━━━━━━━━━━ 841.0/841.0 kB 7.3 MB/s eta 0:00:00
#11 36.19 Downloading referencing-0.37.0-py3-none-any.whl (26 kB)
#11 36.21 Downloading rfc3986_validator-0.1.1-py2.py3-none-any.whl (4.2 kB)
#11 36.22 Downloading rfc3987_syntax-1.1.0-py3-none-any.whl (8.0 kB)
#11 36.24 Downloading lark-1.3.1-py3-none-any.whl (113 kB)
#11 36.26 Downloading rpds_py-2026.6.3-cp312-cp312-manylinux_2_17_x86_64.manylinux2014_x86_64.whl (366 kB)
#11 36.32 Downloading send2trash-2.1.0-py3-none-any.whl (17 kB)
#11 36.34 Downloading stack_data-0.6.3-py3-none-any.whl (24 kB)
#11 36.35 Downloading asttokens-3.0.2-py3-none-any.whl (28 kB)
#11 36.37 Downloading executing-2.2.1-py2.py3-none-any.whl (28 kB)
#11 36.39 Downloading terminado-0.18.1-py3-none-any.whl (14 kB)
#11 36.40 Downloading threadpoolctl-3.6.0-py3-none-any.whl (18 kB)
#11 36.41 Downloading tinycss2-1.5.1-py3-none-any.whl (28 kB)
#11 36.43 Downloading tornado-6.5.8-cp39-abi3-manylinux1_x86_64.manylinux_2_28_x86_64.manylinux_2_5_x86_64.whl (450 kB)
#11 36.49 Downloading traitlets-5.16.1-py3-none-any.whl (86 kB)
#11 36.51 Downloading tzdata-2026.3-py2.py3-none-any.whl (348 kB)
#11 36.56 Downloading watchdog-6.0.0-py3-none-manylinux2014_x86_64.whl (79 kB)
#11 36.58 Downloading wcwidth-0.8.2-py3-none-any.whl (323 kB)
#11 36.64 Downloading webcolors-25.10.0-py3-none-any.whl (14 kB)
#11 36.65 Downloading webencodings-0.5.1-py2.py3-none-any.whl (11 kB)
#11 36.67 Downloading websocket_client-1.9.0-py3-none-any.whl (82 kB)
#11 36.68 Downloading argon2_cffi_bindings-25.1.0-cp39-abi3-manylinux_2_26_x86_64.manylinux_2_28_x86_64.whl (87 kB)
#11 36.70 Downloading cffi-2.1.1-cp312-cp312-manylinux2014_x86_64.manylinux_2_17_x86_64.whl (221 kB)
#11 36.74 Downloading beautifulsoup4-4.15.0-py3-none-any.whl (109 kB)
#11 36.76 Downloading soupsieve-2.9.2-py3-none-any.whl (37 kB)
#11 36.78 Downloading defusedxml-0.7.1-py2.py3-none-any.whl (25 kB)
#11 36.79 Downloading et_xmlfile-2.0.0-py3-none-any.whl (18 kB)
#11 36.80 Downloading fqdn-1.5.1-py3-none-any.whl (9.1 kB)
#11 36.81 Downloading isoduration-20.11.0-py3-none-any.whl (11 kB)
#11 36.83 Downloading arrow-1.4.0-py3-none-any.whl (68 kB)
#11 36.85 Downloading jupyterlab_pygments-0.3.0-py3-none-any.whl (15 kB)
#11 36.86 Downloading nest_asyncio-1.6.0-py3-none-any.whl (5.2 kB)
#11 36.87 Downloading pure_eval-0.2.3-py3-none-any.whl (11 kB)
#11 36.88 Downloading pycparser-3.0-py3-none-any.whl (48 kB)
#11 36.90 Downloading rfc3339_validator-0.1.4-py2.py3-none-any.whl (3.5 kB)
#11 36.91 Downloading uri_template-1.3.0-py3-none-any.whl (11 kB)
#11 37.25 Building wheels for collected packages: torch2pc-layerwise-thesis
#11 37.25   Building editable for torch2pc-layerwise-thesis (pyproject.toml): started
#11 37.29   Building editable for torch2pc-layerwise-thesis (pyproject.toml): finished with status 'done'
#11 37.29   Created wheel for torch2pc-layerwise-thesis: filename=torch2pc_layerwise_thesis-0.1.0-py3-none-any.whl size=15922 sha256=c094da58e7576d26bb58e4369692779fb02a092858bd254a0f302ae444824726
#11 37.29   Stored in directory: /tmp/pip-ephem-wheel-cache-ogpuyxmp/wheels/b0/41/ab/4e04a8678980f3355548f1261923479fbf2a713a7393a7dea8
#11 37.30 Successfully built torch2pc-layerwise-thesis
#11 37.69 Installing collected packages: webencodings, pytz, pure-eval, ptyprocess, paginate, websocket-client, webcolors, wcwidth, watchdog, urllib3, uri-template, tzdata, types-pyyaml, traitlets, tornado, tinycss2, threadpoolctl, soupsieve, send2trash, ruff, rpds-py, rfc3986-validator, rfc3339-validator, pyzmq, pyyaml-env-tag, python-json-logger, pytest, pycparser, psutil, prometheus-client, platformdirs, pexpect, pathspec, parso, pandocfilters, numpy, nest-asyncio, mypy_extensions, mkdocs-material-extensions, mistune, mergedeep, markdown, librt, lark, jupyterlab-pygments, jsonpointer, json5, joblib, ipython-pygments-lexers, idna, h11, fqdn, fastjsonschema, executing, et-xmlfile, defusedxml, debugpy, coverage, comm, colorama, click, charset_normalizer, certifi, bleach, backrefs, babel, attrs, async-lru, asttokens, ast-serialize, terminado, stack_data, scipy, rfc3987-syntax, requests, referencing, pymdown-extensions, prompt_toolkit, pandas, openpyxl, mypy, mkdocs-get-deps, matplotlib-inline, jupyter-core, jedi, httpcore, ghp-import, cffi, beautifulsoup4, arrow, anyio, scikit-learn, pytest-cov, mkdocs, matplotlib, jupyter-server-terminals, jupyter-client, jsonschema-specifications, isoduration, ipython, httpx, argon2-cffi-bindings, mkdocs-material, jsonschema, ipykernel, argon2-cffi, nbformat, nbclient, jupyter-events, torch2pc-layerwise-thesis, nbconvert, jupyter-server, notebook-shim, jupyterlab-server, jupyter-lsp, jupyterlab
#11 39.17   Attempting uninstall: pytest
#11 39.18     Found existing installation: pytest 9.0.2
#11 39.19     Uninstalling pytest-9.0.2:
#11 39.84       Successfully uninstalled pytest-9.0.2
#11 40.49   Attempting uninstall: numpy
#11 40.49     Found existing installation: numpy 2.4.4
#11 40.56     Uninstalling numpy-2.4.4:
#11 41.09       Successfully uninstalled numpy-2.4.4
#11 45.32   Attempting uninstall: scipy
#11 45.33     Found existing installation: scipy 1.17.1
#11 45.46     Uninstalling scipy-1.17.1:
#11 46.38       Successfully uninstalled scipy-1.17.1
#11 50.82   Attempting uninstall: pandas
#11 50.84     Found existing installation: pandas 3.0.1
#11 51.02     Uninstalling pandas-3.0.1:
#11 52.05       Successfully uninstalled pandas-3.0.1
#11 62.25   Attempting uninstall: matplotlib
#11 62.26     Found existing installation: matplotlib 3.10.8
#11 62.31     Uninstalling matplotlib-3.10.8:
#11 62.93       Successfully uninstalled matplotlib-3.10.8
#11 68.59 
#11 68.60 Successfully installed anyio-4.14.2 argon2-cffi-25.1.0 argon2-cffi-bindings-25.1.0 arrow-1.4.0 ast-serialize-0.8.0 asttokens-3.0.2 async-lru-2.3.0 attrs-26.1.0 babel-2.18.0 backrefs-5.9 beautifulsoup4-4.15.0 bleach-6.4.0 certifi-2026.7.22 cffi-2.1.1 charset_normalizer-3.4.9 click-8.4.2 colorama-0.4.6 comm-0.2.3 coverage-7.15.4 debugpy-1.8.21 defusedxml-0.7.1 et-xmlfile-2.0.0 executing-2.2.1 fastjsonschema-2.22.1 fqdn-1.5.1 ghp-import-2.1.0 h11-0.16.0 httpcore-1.0.9 httpx-0.28.1 idna-3.18 ipykernel-6.29.5 ipython-9.16.1 ipython-pygments-lexers-1.1.1 isoduration-20.11.0 jedi-0.20.0 joblib-1.5.3 json5-0.15.0 jsonpointer-3.1.1 jsonschema-4.26.0 jsonschema-specifications-2025.9.1 jupyter-client-8.9.1 jupyter-core-5.9.1 jupyter-events-0.12.1 jupyter-lsp-2.3.1 jupyter-server-2.20.0 jupyter-server-terminals-0.5.4 jupyterlab-4.4.4 jupyterlab-pygments-0.3.0 jupyterlab-server-2.28.0 lark-1.3.1 librt-0.15.0 markdown-3.10.3 matplotlib-3.11.1 matplotlib-inline-0.2.2 mergedeep-1.3.4 mistune-3.3.4 mkdocs-1.6.1 mkdocs-get-deps-0.2.2 mkdocs-material-9.6.15 mkdocs-material-extensions-1.3.1 mypy-2.3.0 mypy_extensions-1.1.0 nbclient-0.10.2 nbconvert-7.17.1 nbformat-5.10.4 nest-asyncio-1.6.0 notebook-shim-0.2.4 numpy-2.2.6 openpyxl-3.1.5 paginate-0.5.7 pandas-2.3.1 pandocfilters-1.5.1 parso-0.8.7 pathspec-1.1.1 pexpect-4.9.0 platformdirs-4.11.0 prometheus-client-0.26.0 prompt_toolkit-3.0.53 psutil-7.0.0 ptyprocess-0.7.0 pure-eval-0.2.3 pycparser-3.0 pymdown-extensions-10.21.3 pytest-8.4.1 pytest-cov-6.2.1 python-json-logger-4.1.0 pytz-2026.3.post1 pyyaml-env-tag-1.1 pyzmq-27.1.0 referencing-0.37.0 requests-2.34.2 rfc3339-validator-0.1.4 rfc3986-validator-0.1.1 rfc3987-syntax-1.1.0 rpds-py-2026.6.3 ruff-0.12.2 scikit-learn-1.7.1 scipy-1.16.0 send2trash-2.1.0 soupsieve-2.9.2 stack_data-0.6.3 terminado-0.18.1 threadpoolctl-3.6.0 tinycss2-1.5.1 torch2pc-layerwise-thesis-0.1.0 tornado-6.5.8 traitlets-5.16.1 types-pyyaml-6.0.12.20260724 tzdata-2026.3 uri-template-1.3.0 urllib3-2.7.0 watchdog-6.0.0 wcwidth-0.8.2 webcolors-25.10.0 webencodings-0.5.1 websocket-client-1.9.0
#11 68.71 
#11 68.71 [notice] A new release of pip is available: 25.1.1 -> 26.2.1
#11 68.71 [notice] To update, run: pip install --upgrade pip
#11 69.62 No broken requirements found.
#11 DONE 70.3s

#12 [ 8/10] COPY . /workspace
#12 DONE 0.8s

#13 [ 9/10] RUN cd /workspace     && sha256sum -c experiments/frozen/stage3b-qwake-attempt-003-clean-source-closure-implementation-authoring-v1/runtime-SHA256SUMS     && python scripts/verify_stage3b_qwake_attempt_003_buildtime_closure.py --project-root /workspace
#13 0.157 .dockerignore: OK
#13 0.157 Dockerfile.rocm: OK
#13 0.157 pyproject.toml: OK
#13 0.157 requirements/rocm.txt: OK
#13 0.157 scripts/container_entrypoint.sh: OK
#13 0.157 scripts/run_stage3b_qwake_attempt_003_authorized_runtime.py: OK
#13 0.157 scripts/verify_stage3b_qwake_attempt_003_buildtime_closure.py: OK
#13 0.157 scripts/verify_stage3b_qwake_attempt_003_prebuild_closure.py: OK
#13 0.157 src/torch2pc_thesis/stage3b_qwake_attempt_003_contract.py: OK
#13 0.157 src/torch2pc_thesis/stage3b_qwake_attempt_003_execution_wrapper.py: OK
#13 0.157 src/torch2pc_thesis/stage3b_qwake_attempt_003_runtime_backend.py: OK
#13 0.157 src/torch2pc_thesis/stage3b_qwake_attempt_003_source_closure.py: OK
#13 0.158 tests/unit/test_stage3b_qwake_attempt_003_source_closure.py: OK
#13 0.215 ATTEMPT_003_BUILDTIME_SOURCE_CLOSURE_VERIFIED=true
#13 0.215 RUNTIME_SOURCE_REGISTRY_EXACT=true
#13 0.215 RUNTIME_EXECUTION_PERFORMED=false
#13 0.215 MODEL_CODE_INVOKED=false
#13 0.215 DATASET_ACCESSED=false
#13 DONE 0.2s

#14 [10/10] RUN chmod 0755 /workspace/scripts     && chmod 0755 /workspace/scripts/*.sh
#14 DONE 0.2s

#15 exporting to image
#15 exporting layers
#15 exporting layers 25.8s done
#15 exporting manifest sha256:aec2178f1de409143553ccaecb34b2d0e4d19332040fce56742e422f770ef188 done
#15 exporting config sha256:b1f5638c637b2541709223f4c0b166210acdbaa962a738ff7ac330b595296fc7 done
#15 naming to docker.io/library/torch2pc-layerwise-thesis:0.1.0-qwake-attempt-003-freeze-541b34a57297 done
#15 unpacking to docker.io/library/torch2pc-layerwise-thesis:0.1.0-qwake-attempt-003-freeze-541b34a57297
#15 unpacking to docker.io/library/torch2pc-layerwise-thesis:0.1.0-qwake-attempt-003-freeze-541b34a57297 8.4s done
#15 DONE 34.2s

#16 resolving provenance for metadata file
#16 DONE 0.0s
