=== QW-5 CORRECTIVE FREEZE VERIFICATION V1 ===
READ_ONLY=true
ORIGINAL_QW5_DRIVER_REPLAYED=false
ORIGINAL_ATTEMPT_PACKAGE_MUTATION_INVOKED=false
ORIGINAL_STATIC_VALIDATION_ARTIFACT_SYNTHESIS_INVOKED=false
CANDIDATE_REBUILD_INVOKED=false
DOCKER_BUILD_INVOKED=false
DOCKER_PULL_INVOKED=false
DOCKER_TAG_INVOKED=false
DOCKER_COMMIT_INVOKED=false
GIT_MUTATION_INVOKED=false
SCIENTIFIC_EXECUTION_PERFORMED=false
TEST_DATASET_ACCESS=false
PUBLICATION_PERMITTED=false
SOURCE_REPOSITORY_IDENTITY_EXACT=true
ATTEMPT001_PACKAGE_INVENTORY_EXACT=true
ATTEMPT001_TERMINAL=true
ATTEMPT001_SUCCESS=false
ATTEMPT001_REINTERPRETED=false
ATTEMPT001_RETRY_PERFORMED=false
ORIGINAL_STATIC_VALIDATION_ARTIFACTS_PRESENT=false
ORIGINAL_ATTEMPT_FREEZE_JSON_MATERIALIZED=false
CORRECTIVE_VALIDATION_EVIDENCE_IDENTITY_EXACT=true
CORRECTIVE_ADJUDICATION_IDENTITY_EXACT=true
CORRECTIVE_FREEZE_PACKAGE_EXACT=true
FREEZE_AUTHORIZATION_RECORD_EXACT=true
PREDECESSOR_BINDINGS_EXACT=true
STORED_ADJUDICATION_VERIFICATION_EXACT=true
LIVE_CANDIDATE_IMAGE_IDENTITY_EXACT=true
CANDIDATE_IMAGE_DIGEST=sha256:800471114a6fec7d401fcbc3c781957265aaa351babaa5adf823d1521a95a8e3
CANDIDATE_IMAGE_MUTATED=false
CORRECTIVE_FREEZE_MATERIALIZATION_AUTHORIZED=true
CORRECTIVE_FREEZE_MATERIALIZATION_PERFORMED=true
SCIENTIFIC_IMAGE_FROZEN=true
FREEZE_AUTHORIZATION_SHA256=sha256:505b995dba38da25bf2724a043166cb3f3c85e5a43c34370084a3f62582b0ba3
CORRECTIVE_FREEZE_SHA256=sha256:b435c09c02783f09156cfb7f68045151aa659e144e3c95d85480cee99020f6f4
SAME_IMAGE_DIGEST_REQUIRED_ACROSS_C1_C2_C3_R=true
C1_COLLECTION_OPEN=false
C2_CALIBRATION_OPEN=false
C3_CONFIRMATORY_OPEN=false
REPLICATION_OPEN=false
SCIENTIFIC_EXECUTION_OPEN=false
TEST_DATASET_ACCESS=false
PUBLICATION_PERMITTED=false
=== QW-5 CORRECTIVE FREEZE VERIFICATION V1 SUCCESS ===
FINAL_STATUS=0
NEXT=author_corrective_freeze_repository_integration_before_any_c1_authorization
