=== QWAKE SCIENTIFIC HOST ADMISSION ===
SOURCE_COMMIT=3858d3a7e6d7b3401e999523bc6675dc7dd0223d
IMAGE_DIGEST=sha256:89703b0b37b2729855835a6ed19ba1ca397ae14614c318344bd7625d12c727ef
REQUEST_SHA256=sha256:7e238ed8a61b7d80e52d67eef8a5f3af6e0c889c81b885a28a98df237284442e
AUTHORIZATION_SHA256=sha256:28999d56377f2391ed4d935f3feebacf2d096f43ddf076bd584549801a1676a4
ROLE=C1_COLLECTION
INPUT_MOUNT_COUNT=2
SOURCE_OVERLAY=false
NETWORK_ENABLED=false
TEST_DATASET_ACCESS=false
PUBLICATION_PERMITTED=false
DOCKER_BUILD_INVOKED=false
AUTOMATIC_RETRY_PERMITTED=false
=== SCIENTIFIC AUTHORIZATION CONSUMED BY HOST CLAIM ===
HOST_CLAIM_SHA256=sha256:1d62b313f609be9b9ba9a813761c672e1866c35ca794253babb6c829f42fdc6b
AUTHORIZATION_CONSUMED=true
DOCKER_RUN_MAX_COUNT=1
=== QWAKE SCIENTIFIC CAMPAIGN ENTRYPOINT ===
ROLE=C1_COLLECTION
REQUEST_SHA256=sha256:7e238ed8a61b7d80e52d67eef8a5f3af6e0c889c81b885a28a98df237284442e
AUTHORIZATION_SHA256=sha256:28999d56377f2391ed4d935f3feebacf2d096f43ddf076bd584549801a1676a4
IMAGE_DIGEST=sha256:89703b0b37b2729855835a6ed19ba1ca397ae14614c318344bd7625d12c727ef
ARBITRARY_CODE_LOADING=false
SHELL_COMMAND_LOADING=false
TEST_DATASET_ACCESS=false
PUBLICATION_PERMITTED=false
Traceback (most recent call last):
  File "/workspace/scripts/run_stage3b_qwake_scientific_campaign.py", line 56, in <module>
    main()
  File "/workspace/scripts/run_stage3b_qwake_scientific_campaign.py", line 48, in main
    receipt = execute_scientific_campaign(root, request, authorization)
              ^^^^^^^^^^^^^^^^^^^^^^^^^^^^^^^^^^^^^^^^^^^^^^^^^^^^^^^^^
  File "/workspace/src/torch2pc_thesis/stage3b_qwake_scientific_runtime.py", line 463, in execute_scientific_campaign
    _write_exclusive(
  File "/workspace/src/torch2pc_thesis/stage3b_qwake_scientific_runtime.py", line 1541, in _write_exclusive
    fd = os.open(path, os.O_WRONLY | os.O_CREAT | os.O_EXCL, 0o644)
         ^^^^^^^^^^^^^^^^^^^^^^^^^^^^^^^^^^^^^^^^^^^^^^^^^^^^^^^^^^
PermissionError: [Errno 13] Permission denied: '/workspace/results/scientific/stage3b-qwake-c1-collection-corrected-image-v1-attempt-001/authorization-consumption.json'
DOCKER_RUN_STATUS=1
Traceback (most recent call last):
  File "/home/dzmitry-prychyna/torch2pc-layerwise-thesis-c1-execution-attempt-001/scripts/run_stage3b_qwake_scientific_campaign_host.py", line 380, in <module>
    main()
  File "/home/dzmitry-prychyna/torch2pc-layerwise-thesis-c1-execution-attempt-001/scripts/run_stage3b_qwake_scientific_campaign_host.py", line 371, in main
    raise ScientificHostLaunchError(
ScientificHostLaunchError: single scientific Docker invocation failed; authorization remains consumed
