=== QWAKE C1 ATTEMPT-001 PERMISSION FAILURE AUDIT V1 ===
READ_ONLY=true
DOCKER_RUN_INVOKED=false
GIT_MUTATION_INVOKED=false
FILESYSTEM_MUTATION_INVOKED=false
AUTHORIZATION_CONSUMED=true
HOST_CLAIM_SHA256=sha256:1d62b313f609be9b9ba9a813761c672e1866c35ca794253babb6c829f42fdc6b
AUTHORIZATION_CONSUMPTION_RECORD_PRESENT=false
TRAJECTORY_DATASET_PRESENT=false
OPPORTUNITY_SUMMARY_PRESENT=false
TERMINAL_RECEIPT_PRESENT=false
OUTPUT_ROOT_MODE=0o775
OUTPUT_ROOT_UID=1000
OUTPUT_ROOT_GID=1000
HOST_CLAIM_MODE=0o644
HOST_CLAIM_UID=1000
HOST_CLAIM_GID=1000
EXACT_AUTHORIZATION_CONSUMPTION_PERMISSION_FAILURE=true
DOCKER_RUN_STATUS_1=true
DOCKER_SECURITY_OPTIONS=["name=apparmor","name=seccomp,profile=builtin","name=cgroupns"]
IMAGE_USER="root"
DOCKER_ROOTLESS_SECURITY_OPTION=false
DOCKER_USERNS_SECURITY_OPTION=false
FAILURE_EVIDENCE_AUTHORIZATION_CONSUMED=true
HOST_OUTPUT_BIND_PERMISSION_MISMATCH_PROVED=true
UID_MAPPING_MECHANISM_OBSERVED=false
ATTEMPT001_RETRY_PERMITTED=false
ATTEMPT001_TERMINAL_FAILURE=true
TEST_DATASET_ACCESS=false
PUBLICATION_PERMITTED=false
NEXT=correct_host_output_permission_contract_and_wrapper_consumption_reporting_then_new_source_image_request_authorization_chain
FINAL_STATUS=0
