=== QW-5 CORRECTIVE VALIDATION EVIDENCE VERIFICATION V1 ===
READ_ONLY=true
DOCKER_BUILD_INVOKED=false
QW5_FREEZE_MATERIALIZATION_INVOKED=false
ATTEMPT001_RETRY_PERFORMED=false
GIT_MUTATION_INVOKED=false
SCIENTIFIC_EXECUTION_PERFORMED=false
SOURCE_REPOSITORY_IDENTITY_EXACT=true
CORRECTIVE_EVIDENCE_PACKAGE_EXACT=true
ATTEMPT001_EVIDENCE_BINDING_EXACT=true
ATTEMPT001_BOUND_FILE_COUNT=5
VALIDATION_LOG_SEMANTICS_EXACT=true
FULL_PYTEST_PASS_COUNT=1659
FULL_PYTEST_SKIP_COUNT=8
PIP_FREEZE_SHA256=sha256:225cd5e218fea336ebec680a9b602b74fc8539741083b125fe222f50113fa886
LIVE_CANDIDATE_IMAGE_IDENTITY_EXACT=true
CANDIDATE_IMAGE_DIGEST=sha256:800471114a6fec7d401fcbc3c781957265aaa351babaa5adf823d1521a95a8e3
ATTEMPT001_TERMINAL=true
ATTEMPT001_REINTERPRETED=false
QW5_FREEZE_MATERIALIZED=false
CORRECTIVE_VALIDATION_PASSED=true
=== QW-5 CORRECTIVE VALIDATION EVIDENCE VERIFICATION V1 SUCCESS ===
FINAL_STATUS=0
NEXT=adjudicate_corrective_evidence_before_qw5_freeze_materialization
