=== QW-LC4-F EXISTING IMAGE PROVENANCE RECONSTRUCTION ===
RECORD_KIND=existing_image_provenance_reconstruction
ORIGINAL_RAW_BUILD_LOG_AVAILABLE=false
RECONSTRUCTION_REASON=original_raw_build_log_absent
RECONSTRUCTION_METHOD=docker_image_inspect_and_history
REBUILD_USED_AS_IDENTITY_EVIDENCE=false
FAILED_REBUILD_ARCHIVED=/tmp/qwake-lc4-f-runtime-freeze-51fc7537-failed-image-rebuild-v1/image-build.rebuild.tmp.log
CAPTURED_AT_UTC=2026-07-27T17:05:42Z
SOURCE_COMMIT=51fc7537fdcb395145fc4c5a38b8918b018fe892
TORCH2PC_COMMIT=b20d9142e4bdbf57b3ec8bf9f9c4472372ec8db4
IMAGE_TAG=torch2pc-layerwise-thesis:0.1.0-qw-lc4-f-51fc7537fdcb
IMAGE_DIGEST=sha256:a31cf96e20ab45ce29fe18b68eb805bd048a02f1f8107cf680d1c174ea363929
IMAGE_REPO_DIGEST=torch2pc-layerwise-thesis@sha256:a31cf96e20ab45ce29fe18b68eb805bd048a02f1f8107cf680d1c174ea363929
BASE_IMAGE=rocm/pytorch@sha256:96a2fb24dec9896e2f8238178f0c49d0dcc4c7dcc597be09e4564316bd86d191
INSPECTED_TAG_IMAGE_ID=sha256:a31cf96e20ab45ce29fe18b68eb805bd048a02f1f8107cf680d1c174ea363929
INSPECTED_DIGEST_IMAGE_ID=sha256:a31cf96e20ab45ce29fe18b68eb805bd048a02f1f8107cf680d1c174ea363929
INSPECTED_REVISION=51fc7537fdcb395145fc4c5a38b8918b018fe892
INSPECTED_SOURCE_GIT_COMMIT=51fc7537fdcb395145fc4c5a38b8918b018fe892
INSPECTED_BASE_IMAGE=rocm/pytorch@sha256:96a2fb24dec9896e2f8238178f0c49d0dcc4c7dcc597be09e4564316bd86d191
RUNTIME_EXECUTION_PERFORMED=false
ENGINEERING_EVIDENCE_PRESENT=false

=== DOCKER IMAGE INSPECT ===
[
    {
        "Id": "sha256:a31cf96e20ab45ce29fe18b68eb805bd048a02f1f8107cf680d1c174ea363929",
        "RepoTags": [
            "torch2pc-layerwise-thesis:0.1.0-qw-lc4-f-51fc7537fdcb"
        ],
        "RepoDigests": [
            "torch2pc-layerwise-thesis@sha256:a31cf96e20ab45ce29fe18b68eb805bd048a02f1f8107cf680d1c174ea363929"
        ],
        "Comment": "buildkit.dockerfile.v0",
        "Created": "2026-07-27T12:45:18.251172555-03:00",
        "Config": {
            "User": "root",
            "Env": [
                "PATH=/opt/venv/bin:/opt/rocm/bin:/usr/local/sbin:/usr/local/bin:/usr/sbin:/usr/bin:/sbin:/bin",
                "DEBIAN_FRONTEND=noninteractive",
                "LD_LIBRARY_PATH=/opt/rocm/lib",
                "PYTHONUNBUFFERED=1",
                "PYTHONDONTWRITEBYTECODE=1",
                "PYTHONHASHSEED=0",
                "SOURCE_GIT_COMMIT=51fc7537fdcb395145fc4c5a38b8918b018fe892",
                "PIP_DISABLE_PIP_VERSION_CHECK=1"
            ],
            "Entrypoint": [
                "/usr/bin/tini",
                "--",
                "/workspace/scripts/container_entrypoint.sh"
            ],
            "Cmd": [
                "torch2pc-thesis",
                "validate",
                "--stage",
                "smoke",
                "--method",
                "bp"
            ],
            "WorkingDir": "/workspace",
            "Labels": {
                "io.torch2pc.base-image": "rocm/pytorch@sha256:96a2fb24dec9896e2f8238178f0c49d0dcc4c7dcc597be09e4564316bd86d191",
                "org.opencontainers.image.description": "Controlled ROCm environment for predictive-coding experiments",
                "org.opencontainers.image.ref.name": "rocm/pytorch:rocm7.2.1_ubuntu24.04_py3.12_pytorch_release_2.9.1",
                "org.opencontainers.image.revision": "51fc7537fdcb395145fc4c5a38b8918b018fe892",
                "org.opencontainers.image.title": "Torch2PC Layer-wise Thesis",
                "org.opencontainers.image.version": "0.1.0"
            },
            "ArgsEscaped": true
        },
        "Architecture": "amd64",
        "Os": "linux",
        "Size": 11329009924,
        "RootFS": {
            "Type": "layers",
            "Layers": [
                "sha256:f2a7f072635332d307212e318e07284948b89f4167fce5c4d7c9cfb7590b74b6",
                "sha256:38431d8e5f8b31c89008ccae537f0577d7baaed71b09aaf4bfe1404c5cf498bc",
                "sha256:c680c862a0120b3b714242412df2e5cf9815097ddf100f3e927d232a332a9789",
                "sha256:88f02404abb2fd82fbf049034af019ef5bfcd72fdd3494a857713a5e81554aad",
                "sha256:636db6118fd07e4d965c6e5601961fc508a20c5eec25ced32f29ae9bfc66bc3b",
                "sha256:cc599bf66a6e61bba98a5e9856f42cbc1e85d1042ce764042e8e38809556636e",
                "sha256:94ee51b3a67cd13c1f60ca536f0cc3fa7c73965559ffe8f8342f4e4078cd7822",
                "sha256:11400d5d58b53c828726b13f195c991d3582d12940657418174972a7f054d910",
                "sha256:cf5041bd8ad12985513c24ccdf5a7fea9f3ea5e72c6c0b4a415946b72bd67de2",
                "sha256:8ea405c48e17617fb5c9c2e27fd5978d85b0b91c50d95c6bda61e6a22bd904c0",
                "sha256:17df252bac5ad4950f757d89f846276e17444c08e1427ddd3a14758d6fed2fe5",
                "sha256:39f6753703243bcdbbd3612dd1f35fa100008aedb897a064c11d8a1bb3b0c650",
                "sha256:8e260788db2282e9d108859ad1c6d1e9c9dc08a682501c18509169d085a46c69",
                "sha256:7bd0fbf3111e4099f42de00d8f0c5bcbea4872e28cda12d24dbdcb8733d1b1ef",
                "sha256:80064975c9e2460b7c1e1fec1e3f3e526a21a18d51afd4dab7708ce2122b111d",
                "sha256:09ae30448830aa5f957c43d199c8d48aeaa4ab5e74a61eae84798c29ca5c2e30"
            ]
        },
        "Metadata": {
            "LastTagTime": "2026-07-27T15:45:44.188414759Z"
        },
        "Descriptor": {
            "mediaType": "application/vnd.oci.image.index.v1+json",
            "digest": "sha256:a31cf96e20ab45ce29fe18b68eb805bd048a02f1f8107cf680d1c174ea363929",
            "size": 856
        },
        "Identity": {
            "Build": [
                {
                    "Ref": "rk1s9vmyz8xxuebk32ayvhyru",
                    "CreatedAt": "2026-07-27T12:45:54.177733705-03:00"
                }
            ]
        }
    }
]

=== DOCKER IMAGE HISTORY --NO-TRUNC ===
IMAGE                                                                     CREATED             CREATED BY                                                                                                                                                                                                                                                                                                                                                                                                                                                                                                                                                                                                                                                                                                                                                                                                                                                                                                                                                                               SIZE      COMMENT
sha256:a31cf96e20ab45ce29fe18b68eb805bd048a02f1f8107cf680d1c174ea363929   About an hour ago   CMD ["torch2pc-thesis" "validate" "--stage" "smoke" "--method" "bp"]                                                                                                                                                                                                                                                                                                                                                                                                                                                                                                                                                                                                                                                                                                                                                                                                                                                                                                                     0B        buildkit.dockerfile.v0
<missing>                                                                 About an hour ago   ENTRYPOINT ["/usr/bin/tini" "--" "/workspace/scripts/container_entrypoint.sh"]                                                                                                                                                                                                                                                                                                                                                                                                                                                                                                                                                                                                                                                                                                                                                                                                                                                                                                           0B        buildkit.dockerfile.v0
<missing>                                                                 About an hour ago   ENV PYTHONUNBUFFERED=1 PYTHONDONTWRITEBYTECODE=1 PYTHONHASHSEED=0 SOURCE_GIT_COMMIT=51fc7537fdcb395145fc4c5a38b8918b018fe892 PIP_DISABLE_PIP_VERSION_CHECK=1                                                                                                                                                                                                                                                                                                                                                                                                                                                                                                                                                                                                                                                                                                                                                                                                                             0B        buildkit.dockerfile.v0
<missing>                                                                 About an hour ago   RUN |3 BASE_IMAGE=rocm/pytorch@sha256:96a2fb24dec9896e2f8238178f0c49d0dcc4c7dcc597be09e4564316bd86d191 SOURCE_GIT_COMMIT=51fc7537fdcb395145fc4c5a38b8918b018fe892 PIP_VERSION=25.1.1 /bin/sh -c chmod 0755 /workspace/scripts     && chmod 0755 /workspace/scripts/*.sh # buildkit                                                                                                                                                                                                                                                                                                                                                                                                                                                                                                                                                                                                                                                                                                       98.3kB    buildkit.dockerfile.v0
<missing>                                                                 About an hour ago   COPY . /workspace # buildkit                                                                                                                                                                                                                                                                                                                                                                                                                                                                                                                                                                                                                                                                                                                                                                                                                                                                                                                                                             814MB     buildkit.dockerfile.v0
<missing>                                                                 About an hour ago   RUN |3 BASE_IMAGE=rocm/pytorch@sha256:96a2fb24dec9896e2f8238178f0c49d0dcc4c7dcc597be09e4564316bd86d191 SOURCE_GIT_COMMIT=51fc7537fdcb395145fc4c5a38b8918b018fe892 PIP_VERSION=25.1.1 /bin/sh -c python -m pip install --no-cache-dir "pip==${PIP_VERSION}"     && python -m pip install --no-cache-dir -r requirements/rocm.txt     && python -m pip check # buildkit                                                                                                                                                                                                                                                                                                                                                                                                                                                                                                                                                                                                                    781MB     buildkit.dockerfile.v0
<missing>                                                                 About an hour ago   COPY requirements /workspace/requirements # buildkit                                                                                                                                                                                                                                                                                                                                                                                                                                                                                                                                                                                                                                                                                                                                                                                                                                                                                                                                     32.8kB    buildkit.dockerfile.v0
<missing>                                                                 About an hour ago   COPY src /workspace/src # buildkit                                                                                                                                                                                                                                                                                                                                                                                                                                                                                                                                                                                                                                                                                                                                                                                                                                                                                                                                                       5.06MB    buildkit.dockerfile.v0
<missing>                                                                 About an hour ago   COPY pyproject.toml README.md LICENSE /workspace/ # buildkit                                                                                                                                                                                                                                                                                                                                                                                                                                                                                                                                                                                                                                                                                                                                                                                                                                                                                                                             57.3kB    buildkit.dockerfile.v0
<missing>                                                                 About an hour ago   WORKDIR /workspace                                                                                                                                                                                                                                                                                                                                                                                                                                                                                                                                                                                                                                                                                                                                                                                                                                                                                                                                                                       8.19kB    buildkit.dockerfile.v0
<missing>                                                                 About an hour ago   RUN |3 BASE_IMAGE=rocm/pytorch@sha256:96a2fb24dec9896e2f8238178f0c49d0dcc4c7dcc597be09e4564316bd86d191 SOURCE_GIT_COMMIT=51fc7537fdcb395145fc4c5a38b8918b018fe892 PIP_VERSION=25.1.1 /bin/sh -c apt-get update     && apt-get install -y --no-install-recommends        ca-certificates curl git jq make numactl pciutils procps tini     && rm -rf /var/lib/apt/lists/* # buildkit                                                                                                                                                                                                                                                                                                                                                                                                                                                                                                                                                                                                      17.8MB    buildkit.dockerfile.v0
<missing>                                                                 About an hour ago   USER root                                                                                                                                                                                                                                                                                                                                                                                                                                                                                                                                                                                                                                                                                                                                                                                                                                                                                                                                                                                0B        buildkit.dockerfile.v0
<missing>                                                                 About an hour ago   LABEL io.torch2pc.base-image=rocm/pytorch@sha256:96a2fb24dec9896e2f8238178f0c49d0dcc4c7dcc597be09e4564316bd86d191                                                                                                                                                                                                                                                                                                                                                                                                                                                                                                                                                                                                                                                                                                                                                                                                                                                                        0B        buildkit.dockerfile.v0
<missing>                                                                 About an hour ago   LABEL org.opencontainers.image.revision=51fc7537fdcb395145fc4c5a38b8918b018fe892                                                                                                                                                                                                                                                                                                                                                                                                                                                                                                                                                                                                                                                                                                                                                                                                                                                                                                         0B        buildkit.dockerfile.v0
<missing>                                                                 About an hour ago   LABEL org.opencontainers.image.version=0.1.0                                                                                                                                                                                                                                                                                                                                                                                                                                                                                                                                                                                                                                                                                                                                                                                                                                                                                                                                             0B        buildkit.dockerfile.v0
<missing>                                                                 About an hour ago   LABEL org.opencontainers.image.description=Controlled ROCm environment for predictive-coding experiments                                                                                                                                                                                                                                                                                                                                                                                                                                                                                                                                                                                                                                                                                                                                                                                                                                                                                 0B        buildkit.dockerfile.v0
<missing>                                                                 About an hour ago   LABEL org.opencontainers.image.title=Torch2PC Layer-wise Thesis                                                                                                                                                                                                                                                                                                                                                                                                                                                                                                                                                                                                                                                                                                                                                                                                                                                                                                                          0B        buildkit.dockerfile.v0
<missing>                                                                 About an hour ago   ARG PIP_VERSION=25.1.1                                                                                                                                                                                                                                                                                                                                                                                                                                                                                                                                                                                                                                                                                                                                                                                                                                                                                                                                                                   0B        buildkit.dockerfile.v0
<missing>                                                                 About an hour ago   ARG SOURCE_GIT_COMMIT=51fc7537fdcb395145fc4c5a38b8918b018fe892                                                                                                                                                                                                                                                                                                                                                                                                                                                                                                                                                                                                                                                                                                                                                                                                                                                                                                                           0B        buildkit.dockerfile.v0
<missing>                                                                 About an hour ago   ARG BASE_IMAGE=rocm/pytorch@sha256:96a2fb24dec9896e2f8238178f0c49d0dcc4c7dcc597be09e4564316bd86d191                                                                                                                                                                                                                                                                                                                                                                                                                                                                                                                                                                                                                                                                                                                                                                                                                                                                                      0B        buildkit.dockerfile.v0
<missing>                                                                 3 months ago        RUN |11 BASE_IMAGE=ubuntu:24.04 PYTHON_VERSION=3.12 PYTORCH_VERSION=2.9.1 TORCHVISION_VERSION=0.24.0 TORCHAUDIO_VERSION=2.9.0 TRITON_VERSION=3.5.1 APEX_VERSION=1.9.0 ROCM_VERSION=7.2.1 AMDGPU_VERSION=7.2.1.70201 UBUNTU_VERSION=24.04 PYTORCH_WHEEL_INDEX=https://repo.radeon.com/rocm/manylinux/rocm-rel-7.2.1/ /bin/sh -c git clone https://github.com/ROCm/pytorch-micro-benchmarking /var/lib/jenkins/pytorch-micro-benchmarking && ln -sf /usr/bin/python3 /usr/bin/python # buildkit                                                                                                                                                                                                                                                                                                                                                                                                                                                                                            410kB     buildkit.dockerfile.v0
<missing>                                                                 3 months ago        RUN |11 BASE_IMAGE=ubuntu:24.04 PYTHON_VERSION=3.12 PYTORCH_VERSION=2.9.1 TORCHVISION_VERSION=0.24.0 TORCHAUDIO_VERSION=2.9.0 TRITON_VERSION=3.5.1 APEX_VERSION=1.9.0 ROCM_VERSION=7.2.1 AMDGPU_VERSION=7.2.1.70201 UBUNTU_VERSION=24.04 PYTORCH_WHEEL_INDEX=https://repo.radeon.com/rocm/manylinux/rocm-rel-7.2.1/ /bin/sh -c set -e && WHEEL_INDEX="${PYTORCH_WHEEL_INDEX:-https://repo.radeon.com/rocm/manylinux/rocm-rel-${ROCM_VERSION}/}" && echo "Installing from $WHEEL_INDEX Python $PYTHON_VERSION" && pip install --no-cache-dir --find-links "${WHEEL_INDEX}" --prefer-binary "torch~=${PYTORCH_VERSION}" "torchvision==${TORCHVISION_VERSION}" "torchaudio==${TORCHAUDIO_VERSION}" "triton~=${TRITON_VERSION}" && pip install --no-cache-dir --find-links "${WHEEL_INDEX}" --prefer-binary "apex~=${APEX_VERSION}" && for pkg in torch torchvision torchaudio triton apex; do pip show "$pkg" >/dev/null 2>&1 || { echo "ERROR: $pkg missing"; exit 1; }; done # buildkit   4.64GB    buildkit.dockerfile.v0
<missing>                                                                 3 months ago        RUN |11 BASE_IMAGE=ubuntu:24.04 PYTHON_VERSION=3.12 PYTORCH_VERSION=2.9.1 TORCHVISION_VERSION=0.24.0 TORCHAUDIO_VERSION=2.9.0 TRITON_VERSION=3.5.1 APEX_VERSION=1.9.0 ROCM_VERSION=7.2.1 AMDGPU_VERSION=7.2.1.70201 UBUNTU_VERSION=24.04 PYTORCH_WHEEL_INDEX=https://repo.radeon.com/rocm/manylinux/rocm-rel-7.2.1/ /bin/sh -c cd /tmp && if [ "$PYTHON_VERSION" = "3.12" ] || [ "$PYTHON_VERSION" = "3.13" ] || [ "$PYTHON_VERSION" = "3.14" ]; then DISTRO=noble; elif [ "$PYTHON_VERSION" = "3.11" ] || [ "$PYTHON_VERSION" = "3.10" ] || [ "$PYTHON_VERSION" = "3.9" ] || [ "$PYTHON_VERSION" = "3.8" ]; then DISTRO=jammy; else echo "Unsupported PYTHON_VERSION: $PYTHON_VERSION" && exit 1; fi && wget "https://repo.radeon.com/amdgpu-install/${ROCM_VERSION}/ubuntu/${DISTRO}/amdgpu-install_${AMDGPU_VERSION}-1_all.deb" && apt update && apt install -y ./*.deb && amdgpu-install --usecase=rocm -y && rm -f ./*.deb && apt clean && rm -rf /var/lib/apt/lists/* # buildkit   25.3GB    buildkit.dockerfile.v0
<missing>                                                                 3 months ago        ENV PATH=/opt/venv/bin:/opt/rocm/bin:/usr/local/sbin:/usr/local/bin:/usr/sbin:/usr/bin:/sbin:/bin                                                                                                                                                                                                                                                                                                                                                                                                                                                                                                                                                                                                                                                                                                                                                                                                                                                                                        0B        buildkit.dockerfile.v0
<missing>                                                                 3 months ago        RUN |11 BASE_IMAGE=ubuntu:24.04 PYTHON_VERSION=3.12 PYTORCH_VERSION=2.9.1 TORCHVISION_VERSION=0.24.0 TORCHAUDIO_VERSION=2.9.0 TRITON_VERSION=3.5.1 APEX_VERSION=1.9.0 ROCM_VERSION=7.2.1 AMDGPU_VERSION=7.2.1.70201 UBUNTU_VERSION=24.04 PYTORCH_WHEEL_INDEX=https://repo.radeon.com/rocm/manylinux/rocm-rel-7.2.1/ /bin/sh -c python${PYTHON_VERSION} -m venv /opt/venv && . /opt/venv/bin/activate && /opt/venv/bin/python -m pip install --upgrade pip setuptools && /opt/venv/bin/python -m pip install hypothesis scipy ninja # buildkit                                                                                                                                                                                                                                                                                                                                                                                                                                            304MB     buildkit.dockerfile.v0
<missing>                                                                 3 months ago        RUN |11 BASE_IMAGE=ubuntu:24.04 PYTHON_VERSION=3.12 PYTORCH_VERSION=2.9.1 TORCHVISION_VERSION=0.24.0 TORCHAUDIO_VERSION=2.9.0 TRITON_VERSION=3.5.1 APEX_VERSION=1.9.0 ROCM_VERSION=7.2.1 AMDGPU_VERSION=7.2.1.70201 UBUNTU_VERSION=24.04 PYTORCH_WHEEL_INDEX=https://repo.radeon.com/rocm/manylinux/rocm-rel-7.2.1/ /bin/sh -c add-apt-repository ppa:deadsnakes/ppa && apt update && apt install -y python${PYTHON_VERSION} python3-pip python3-venv && if [ "${PYTHON_VERSION}" = "3.8" ] || [ "${PYTHON_VERSION}" = "3.9" ] || [ "${PYTHON_VERSION}" = "3.10" ] || [ "${PYTHON_VERSION}" = "3.11" ]; then apt install -y --no-install-recommends python${PYTHON_VERSION}-dev python${PYTHON_VERSION}-distutils python${PYTHON_VERSION}-venv; else apt install -y --no-install-recommends python${PYTHON_VERSION}-dev python${PYTHON_VERSION}-venv; fi && apt clean && rm -rf /var/lib/apt/lists/* # buildkit                                                                          350MB     buildkit.dockerfile.v0
<missing>                                                                 3 months ago        ENV PATH=/opt/rocm/bin:/usr/local/sbin:/usr/local/bin:/usr/sbin:/usr/bin:/sbin:/bin LD_LIBRARY_PATH=/opt/rocm/lib                                                                                                                                                                                                                                                                                                                                                                                                                                                                                                                                                                                                                                                                                                                                                                                                                                                                        0B        buildkit.dockerfile.v0
<missing>                                                                 3 months ago        RUN |11 BASE_IMAGE=ubuntu:24.04 PYTHON_VERSION=3.12 PYTORCH_VERSION=2.9.1 TORCHVISION_VERSION=0.24.0 TORCHAUDIO_VERSION=2.9.0 TRITON_VERSION=3.5.1 APEX_VERSION=1.9.0 ROCM_VERSION=7.2.1 AMDGPU_VERSION=7.2.1.70201 UBUNTU_VERSION=24.04 PYTORCH_WHEEL_INDEX=https://repo.radeon.com/rocm/manylinux/rocm-rel-7.2.1/ /bin/sh -c apt update && apt install -y wget software-properties-common curl rsync dialog git # buildkit                                                                                                                                                                                                                                                                                                                                                                                                                                                                                                                                                             316MB     buildkit.dockerfile.v0
<missing>                                                                 3 months ago        RUN |11 BASE_IMAGE=ubuntu:24.04 PYTHON_VERSION=3.12 PYTORCH_VERSION=2.9.1 TORCHVISION_VERSION=0.24.0 TORCHAUDIO_VERSION=2.9.0 TRITON_VERSION=3.5.1 APEX_VERSION=1.9.0 ROCM_VERSION=7.2.1 AMDGPU_VERSION=7.2.1.70201 UBUNTU_VERSION=24.04 PYTORCH_WHEEL_INDEX=https://repo.radeon.com/rocm/manylinux/rocm-rel-7.2.1/ /bin/sh -c echo "tzdata tzdata/Areas select Etc" | debconf-set-selections && echo "tzdata tzdata/Zones/Etc select UTC" | debconf-set-selections # buildkit                                                                                                                                                                                                                                                                                                                                                                                                                                                                                                           983kB     buildkit.dockerfile.v0
<missing>                                                                 3 months ago        ENV DEBIAN_FRONTEND=noninteractive                                                                                                                                                                                                                                                                                                                                                                                                                                                                                                                                                                                                                                                                                                                                                                                                                                                                                                                                                       0B        buildkit.dockerfile.v0
<missing>                                                                 3 months ago        LABEL org.opencontainers.image.ref.name=rocm/pytorch:rocm7.2.1_ubuntu24.04_py3.12_pytorch_release_2.9.1                                                                                                                                                                                                                                                                                                                                                                                                                                                                                                                                                                                                                                                                                                                                                                                                                                                                                  0B        buildkit.dockerfile.v0
<missing>                                                                 3 months ago        ARG PYTORCH_WHEEL_INDEX=https://repo.radeon.com/rocm/manylinux/rocm-rel-7.2.1/                                                                                                                                                                                                                                                                                                                                                                                                                                                                                                                                                                                                                                                                                                                                                                                                                                                                                                           0B        buildkit.dockerfile.v0
<missing>                                                                 3 months ago        ARG UBUNTU_VERSION=24.04                                                                                                                                                                                                                                                                                                                                                                                                                                                                                                                                                                                                                                                                                                                                                                                                                                                                                                                                                                 0B        buildkit.dockerfile.v0
<missing>                                                                 3 months ago        ARG AMDGPU_VERSION=7.2.1.70201                                                                                                                                                                                                                                                                                                                                                                                                                                                                                                                                                                                                                                                                                                                                                                                                                                                                                                                                                           0B        buildkit.dockerfile.v0
<missing>                                                                 3 months ago        ARG ROCM_VERSION=7.2.1                                                                                                                                                                                                                                                                                                                                                                                                                                                                                                                                                                                                                                                                                                                                                                                                                                                                                                                                                                   0B        buildkit.dockerfile.v0
<missing>                                                                 3 months ago        ARG APEX_VERSION=1.9.0                                                                                                                                                                                                                                                                                                                                                                                                                                                                                                                                                                                                                                                                                                                                                                                                                                                                                                                                                                   0B        buildkit.dockerfile.v0
<missing>                                                                 3 months ago        ARG TRITON_VERSION=3.5.1                                                                                                                                                                                                                                                                                                                                                                                                                                                                                                                                                                                                                                                                                                                                                                                                                                                                                                                                                                 0B        buildkit.dockerfile.v0
<missing>                                                                 3 months ago        ARG TORCHAUDIO_VERSION=2.9.0                                                                                                                                                                                                                                                                                                                                                                                                                                                                                                                                                                                                                                                                                                                                                                                                                                                                                                                                                             0B        buildkit.dockerfile.v0
<missing>                                                                 3 months ago        ARG TORCHVISION_VERSION=0.24.0                                                                                                                                                                                                                                                                                                                                                                                                                                                                                                                                                                                                                                                                                                                                                                                                                                                                                                                                                           0B        buildkit.dockerfile.v0
<missing>                                                                 3 months ago        ARG PYTORCH_VERSION=2.9.1                                                                                                                                                                                                                                                                                                                                                                                                                                                                                                                                                                                                                                                                                                                                                                                                                                                                                                                                                                0B        buildkit.dockerfile.v0
<missing>                                                                 3 months ago        ARG PYTHON_VERSION=3.12                                                                                                                                                                                                                                                                                                                                                                                                                                                                                                                                                                                                                                                                                                                                                                                                                                                                                                                                                                  0B        buildkit.dockerfile.v0
<missing>                                                                 3 months ago        ARG BASE_IMAGE=ubuntu:24.04                                                                                                                                                                                                                                                                                                                                                                                                                                                                                                                                                                                                                                                                                                                                                                                                                                                                                                                                                              0B        buildkit.dockerfile.v0
<missing>                                                                 5 months ago        /bin/sh -c #(nop)  CMD ["/bin/bash"]                                                                                                                                                                                                                                                                                                                                                                                                                                                                                                                                                                                                                                                                                                                                                                                                                                                                                                                                                     0B        
<missing>                                                                 5 months ago        /bin/sh -c #(nop) ADD file:3f78aa860931e0853077f09eb31eddbeeef8a9dd70977305b4876aa176770721 in /                                                                                                                                                                                                                                                                                                                                                                                                                                                                                                                                                                                                                                                                                                                                                                                                                                                                                         87.6MB    
<missing>                                                                 5 months ago        /bin/sh -c #(nop)  LABEL org.opencontainers.image.version=24.04                                                                                                                                                                                                                                                                                                                                                                                                                                                                                                                                                                                                                                                                                                                                                                                                                                                                                                                          0B        
<missing>                                                                 5 months ago        /bin/sh -c #(nop)  LABEL org.opencontainers.image.ref.name=ubuntu                                                                                                                                                                                                                                                                                                                                                                                                                                                                                                                                                                                                                                                                                                                                                                                                                                                                                                                        0B        
<missing>                                                                 5 months ago        /bin/sh -c #(nop)  ARG LAUNCHPAD_BUILD_ARCH                                                                                                                                                                                                                                                                                                                                                                                                                                                                                                                                                                                                                                                                                                                                                                                                                                                                                                                                              0B        
<missing>                                                                 5 months ago        /bin/sh -c #(nop)  ARG RELEASE                                                                                                                                                                                                                                                                                                                                                                                                                                                                                                                                                                                                                                                                                                                                                                                                                                                                                                                                                           0B        

INSPECT_DUMP_STATUS=0
HISTORY_DUMP_STATUS=0
